BL51 BANKED LINKER/LOCATER V6.22                                                        09/19/2025  02:20:29  PAGE 1


BL51 BANKED LINKER/LOCATER V6.22, INVOKED BY:
D:\KEIL\C51\BIN\BL51.EXE STARTUP.obj, oled.obj, tomatoclock8.obj, .\source\STCBSP_V3.6b.LIB TO tomatoclock8 RAMSIZE (256
>> )


MEMORY MODEL: SMALL


INPUT MODULES INCLUDED:
  STARTUP.obj (?C_STARTUP)
  oled.obj (OLED)
  tomatoclock8.obj (TOMATOCLOCK8)
  .\source\STCBSP_V3.6b.LIB (ADC)
  .\source\STCBSP_V3.6b.LIB (BEEP)
  .\source\STCBSP_V3.6b.LIB (DISPLAYER)
  .\source\STCBSP_V3.6b.LIB (KEY)
  .\source\STCBSP_V3.6b.LIB (SYS)
  .\source\STCBSP_V3.6b.LIB (MUSIC)
  .\source\STCBSP_V3.6b.LIB (DS1302)
  .\source\STCBSP_V3.6b.LIB (IR)
  .\source\STCBSP_V3.6b.LIB (UART1)
  D:\KEIL\C51\LIB\C51S.LIB (?C_INIT)
  D:\KEIL\C51\LIB\C51S.LIB (?C?COPY)
  D:\KEIL\C51\LIB\C51S.LIB (?C?CLDOPTR)
  D:\KEIL\C51\LIB\C51S.LIB (?C?CSTOPTR)
  D:\KEIL\C51\LIB\C51S.LIB (?C?IMUL)
  D:\KEIL\C51\LIB\C51S.LIB (?C?UIDIV)
  D:\KEIL\C51\LIB\C51S.LIB (?C?IILDX)
  D:\KEIL\C51\LIB\C51S.LIB (?C?ILDIX)
  D:\KEIL\C51\LIB\C51S.LIB (?C?ILDPTR)
  D:\KEIL\C51\LIB\C51S.LIB (?C?LMUL)
  D:\KEIL\C51\LIB\C51S.LIB (?C?ULDIV)
  D:\KEIL\C51\LIB\C51S.LIB (?C?SLDIV)
  D:\KEIL\C51\LIB\C51S.LIB (?C?ULSHR)
  D:\KEIL\C51\LIB\C51S.LIB (?C?SLSHR)
  D:\KEIL\C51\LIB\C51S.LIB (?C?LLDCODE)
  D:\KEIL\C51\LIB\C51S.LIB (?C?LSTXDATA)
  D:\KEIL\C51\LIB\C51S.LIB (?C?OFFXADD)
  D:\KEIL\C51\LIB\C51S.LIB (?C?ICALL)
  D:\KEIL\C51\LIB\C51S.LIB (?C_IBP)


LINK MAP OF MODULE:  tomatoclock8 (?C_STARTUP)


            TYPE    BASE      LENGTH    RELOCATION   SEGMENT NAME
            -----------------------------------------------------

            * * * * * * *   D A T A   M E M O R Y   * * * * * * *
            REG     0000H     0008H     ABSOLUTE     "REG BANK 0"
            DATA    0008H     0011H     UNIT         ?DT?SYS
            DATA    0019H     0007H     UNIT         ?DT?_OLED_SHOWSTRING?OLED
            BIT     0020H.0   0001H.7   UNIT         ?BI?SYS
            BIT     0021H.7   0000H.5   UNIT         ?BI?TOMATOCLOCK8
            BIT     0022H.4   0000H.1   UNIT         ?BI?_OLED_WRITE_GRAM?OLED
            BIT     0022H.5   0000H.1   UNIT         ?BI?ADC
            BIT     0022H.6   0000H.1   UNIT         ?BI?MUSIC
                    0022H.7   0000H.1                *** GAP ***
BL51 BANKED LINKER/LOCATER V6.22                                                      09/19/2025  02:20:29  PAGE 2


            DATA    0023H     000EH     UNIT         _DATA_GROUP_
            DATA    0031H     000BH     UNIT         ?DT?_OLED_DRAWBMP?OLED
            DATA    003CH     000BH     UNIT         ?DT?_OLED_DRAWBMP1?OLED
            DATA    0047H     000AH     UNIT         ?DT?_OLED_SHOWNUM?OLED
            DATA    0051H     0008H     UNIT         ?DT?_SEG7SETMODE?DISPLAYER
            DATA    0059H     0008H     UNIT         ?DT?_LEDSETMODE?DISPLAYER
            DATA    0061H     0006H     UNIT         ?DT?IR
            DATA    0067H     0002H     UNIT         ?DT?OLED_REFRESH?OLED
            DATA    0069H     0002H     UNIT         ?DT?GETULTRASONIC?SYS
            DATA    006BH     0001H     UNIT         ?DT?_OLED_COLORTURN?OLED
            DATA    006CH     0001H     UNIT         ?DT?_OLED_DISPLAYTURN?OLED
            DATA    006DH     0001H     UNIT         ?DT?_OLED_POW?OLED
            DATA    006EH     0001H     UNIT         ?C?LIB_DATA
            IDATA   006FH     0001H     UNIT         ?STACK

            * * * * * * *  X D A T A   M E M O R Y  * * * * * * *
            XDATA   0000H     0200H     UNIT         ?XD?OLED
            XDATA   0200H     006FH     UNIT         ?XD?SYS
            XDATA   026FH     0023H     UNIT         ?XD?TOMATOCLOCK8
            XDATA   0292H     0020H     UNIT         ?XD?ADC
            XDATA   02B2H     001EH     UNIT         ?XD?DISPLAYER
            XDATA   02D0H     0015H     UNIT         ?XD?UART1
            XDATA   02E5H     0011H     UNIT         _XDATA_GROUP_
            XDATA   02F6H     0010H     UNIT         ?XD?MUSIC
            XDATA   0306H     000BH     UNIT         ?XD?KEY
            XDATA   0311H     0009H     UNIT         ?XD?DS1302

            * * * * * * *   C O D E   M E M O R Y   * * * * * * *
            CODE    0000H     0003H     ABSOLUTE     
            CODE    0003H     0007H     UNIT         ?PR?GETADC?ADC
            CODE    000AH     0001H     UNIT         ?PR?_?NULLFUNC?SYS
            CODE    000BH     0003H     ABSOLUTE     
            CODE    000EH     0015H     UNIT         ?PR?OLED_DISPLAY_ON?OLED
            CODE    0023H     0003H     ABSOLUTE     
            CODE    0026H     0003H     UNIT         ?PR?_?RET0FUNC?SYS
                    0029H     0002H                  *** GAP ***
            CODE    002BH     0003H     ABSOLUTE     
            CODE    002EH     000CH     UNIT         ?PR?GETBEEPSTATUS?BEEP
                    003AH     0001H                  *** GAP ***
            CODE    003BH     0003H     ABSOLUTE     
            CODE    003EH     0015H     UNIT         ?PR?OLED_DISPLAY_OFF?OLED
            CODE    0053H     0003H     ABSOLUTE     
            CODE    0056H     1F4AH     UNIT         ?CO?OLED
            CODE    1FA0H     0375H     UNIT         ?C?LIB_CODE
            CODE    2315H     0349H     UNIT         ?C_INITSEG
            CODE    265EH     0302H     UNIT         ?PR?_?SYS_MUSIC_DRV?MUSIC
            CODE    2960H     0291H     UNIT         ?PR?UART_RX_CALLBACK?TOMATOCLOCK8
            CODE    2BF1H     0207H     UNIT         ?PR?_HANDLE_NAV?TOMATOCLOCK8
            CODE    2DF8H     01B3H     UNIT         ?PR?_?SYS_ADC_DRV?ADC
            CODE    2FABH     017FH     UNIT         ?PR?UPDATE_DISPLAY?TOMATOCLOCK8
            CODE    312AH     017BH     UNIT         ?PR?_?SYS_DISPLAY_DRV?DISPLAYER
            CODE    32A5H     0139H     UNIT         ?PR?LOAD_SETTINGS?TOMATOCLOCK8
            CODE    33DEH     0132H     UNIT         ?PR?UART1_ISR?UART1
            CODE    3510H     0131H     UNIT         ?PR?HANDLE_KEY1?TOMATOCLOCK8
            CODE    3641H     0127H     UNIT         ?PR?_?SYS_KEY_DRV?KEY
            CODE    3768H     0126H     UNIT         ?CO?MUSIC
            CODE    388EH     0111H     UNIT         ?CO?TOMATOCLOCK8
BL51 BANKED LINKER/LOCATER V6.22                                                      09/19/2025  02:20:29  PAGE 3


            CODE    399FH     0108H     UNIT         ?PR?NAV_CALLBACK?TOMATOCLOCK8
            CODE    3AA7H     0108H     UNIT         ?PR?SEND_LED_COMMAND?TOMATOCLOCK8
            CODE    3BAFH     00FEH     UNIT         ?PR?DS1302INIT?DS1302
            CODE    3CADH     00F6H     UNIT         ?PR?MAIN?TOMATOCLOCK8
            CODE    3DA3H     00F1H     UNIT         ?PR?SYS_TASK_1MS?SYS
            CODE    3E94H     00D0H     UNIT         ?PR?OLED_INIT?OLED
            CODE    3F64H     00C5H     UNIT         ?PR?_OLED_SHOWCHAR?OLED
            CODE    4029H     00C1H     UNIT         ?PR?TIMER_1S_CALLBACK?TOMATOCLOCK8
            CODE    40EAH     00AAH     UNIT         ?PR?_PLAYTONE?MUSIC
            CODE    4194H     00A8H     UNIT         ?PR?SYS_CCP_ISR?SYS
            CODE    423CH     00A5H     UNIT         ?PR?HANDLE_KEY2?TOMATOCLOCK8
            CODE    42E1H     00A5H     UNIT         ?PR?_?SYS_DS1302_DRV?DS1302
            CODE    4386H     009FH     UNIT         ?PR?UPDATE_LED_DISPLAY?TOMATOCLOCK8
            CODE    4425H     0093H     UNIT         ?PR?SYS_TASK_10MS?SYS
            CODE    44B8H     008FH     UNIT         ?PR?_SEG7SETMODE?DISPLAYER
            CODE    4547H     008FH     UNIT         ?PR?_LEDSETMODE?DISPLAYER
            CODE    45D6H     008CH     UNIT         ?C_C51STARTUP
            CODE    4662H     008BH     UNIT         ?PR?SYS_TASK_IR?SYS
            CODE    46EDH     0089H     UNIT         ?PR?_OLED_SHOWNUM?OLED
            CODE    4776H     0081H     UNIT         ?PR?_SETMUSIC?MUSIC
            CODE    47F7H     007DH     UNIT         ?PR?_SETEVENTCALLBACK?SYS
            CODE    4874H     0078H     UNIT         ?PR?_SETBEEP?BEEP
            CODE    48ECH     0077H     UNIT         ?PR?SYS_IRRXD_ISR?IR
            CODE    4963H     0077H     UNIT         ?PR?_UART1INIT?UART1
            CODE    49DAH     0068H     UNIT         ?PR?_OLED_DRAWBMP1?OLED
            CODE    4A42H     0065H     UNIT         ?PR?OLED_REFRESH?OLED
            CODE    4AA7H     0065H     UNIT         ?PR?_OLED_DRAWBMP?OLED
            CODE    4B0CH     0058H     UNIT         ?PR?_OLED_WRITE_GRAM?OLED
            CODE    4B64H     0054H     UNIT         ?PR?UPDATE_COUNTDOWN?TOMATOCLOCK8
            CODE    4BB8H     0053H     UNIT         ?PR?GETULTRASONIC?SYS
            CODE    4C0BH     0052H     UNIT         ?PR?SYS_TIMER0_ISR?SYS
            CODE    4C5DH     004EH     UNIT         ?PR?ENTER_LED_CONTROL_MODE?TOMATOCLOCK8
            CODE    4CABH     0049H     UNIT         ?PR?_OLED_SHOWSTRING?OLED
            CODE    4CF4H     0049H     UNIT         ?PR?SEND_TOMATO_COMMAND?TOMATOCLOCK8
            CODE    4D3DH     0048H     UNIT         ?PR?_OLED_SHOWCHINESE?OLED
            CODE    4D85H     0047H     UNIT         ?PR?SYS_TIMER0_INIT?SYS
            CODE    4DCCH     0046H     UNIT         ?PR?START_COUNTDOWN?TOMATOCLOCK8
            CODE    4E12H     0046H     UNIT         ?PR?_GETADCNAVACT?ADC
            CODE    4E58H     0044H     UNIT         ?C?LDIV
            CODE    4E9CH     0042H     UNIT         ?PR?ROP_CALLBACK?TOMATOCLOCK8
            CODE    4EDEH     0040H     UNIT         ?PR?_GETKEYACT?KEY
            CODE    4F1EH     003FH     UNIT         ?PR?SYS_TASK_100MS?SYS
            CODE    4F5DH     003FH     UNIT         ?PR?_IRPRINT?IR
            CODE    4F9CH     003EH     UNIT         ?PR?MYSTC_OS?SYS
            CODE    4FDAH     003AH     UNIT         ?PR?_OLED_WR_BYTE?OLED
            CODE    5014H     0035H     UNIT         ?PR?ENTER_SETTING_MODE?TOMATOCLOCK8
            CODE    5049H     0031H     UNIT         ?PR?_ADCINIT?ADC
            CODE    507AH     0031H     UNIT         ?PR?_IRTXDSET?IR
            CODE    50ABH     0031H     UNIT         ?PR?_SETUART1RXD?UART1
            CODE    50DCH     0030H     UNIT         ?PR?OLED_CLEAR?OLED
            CODE    510CH     002EH     UNIT         ?PR?STOP_COUNTDOWN?TOMATOCLOCK8
            CODE    513AH     002EH     UNIT         ?PR?_DS1302READ?DS1302
            CODE    5168H     002BH     UNIT         ?PR?SYS_TASK_1S?SYS
            CODE    5193H     0029H     UNIT         ?PR?_NVM_WRITE?DS1302
            CODE    51BCH     0028H     UNIT         ?PR?_?SYS_BEEP_DRV?BEEP
            CODE    51E4H     0028H     UNIT         ?PR?_SETPLAYERMODE?MUSIC
            CODE    520CH     0028H     UNIT         ?PR?_UART1PRINT?UART1
BL51 BANKED LINKER/LOCATER V6.22                                                      09/19/2025  02:20:29  PAGE 4


            CODE    5234H     0027H     UNIT         ?PR?_OLED_DISPLAYTURN?OLED
            CODE    525BH     0026H     UNIT         ?PR?TIMER_100MS_CALLBACK?TOMATOCLOCK8
            CODE    5281H     0026H     UNIT         ?PR?BEEP_COUNTDOWN_END?TOMATOCLOCK8
            CODE    52A7H     0025H     UNIT         ?PR?KEY_CALLBACK?TOMATOCLOCK8
            CODE    52CCH     0023H     UNIT         ?PR?_SEND_BYTE?OLED
            CODE    52EFH     0022H     UNIT         ?PR?_OLED_SET_POS?OLED
            CODE    5311H     0020H     UNIT         ?PR?_SEND_DATA_TO_PC?TOMATOCLOCK8
            CODE    5331H     0020H     UNIT         ?PR?BEEPINIT?BEEP
            CODE    5351H     0020H     UNIT         ?PR?_SEG7PRINT?DISPLAYER
            CODE    5371H     0020H     UNIT         ?PR?_DS1302WRITE?DS1302
            CODE    5391H     001EH     UNIT         ?PR?SAVE_SETTINGS?TOMATOCLOCK8
            CODE    53AFH     001DH     UNIT         ?PR?KEYINIT?KEY
            CODE    53CCH     001CH     UNIT         ?PR?GETIRSTATUS?IR
            CODE    53E8H     001BH     UNIT         ?PR?DISPLAYERINIT?DISPLAYER
            CODE    5403H     001AH     UNIT         ?PR?_DELAY_MS?OLED
            CODE    541DH     0019H     UNIT         ?PR?_OLED_COLORTURN?OLED
            CODE    5436H     0019H     UNIT         ?PR?_DS1302WRITEBYTE?DS1302
            CODE    544FH     0019H     UNIT         ?PR?DS1302READBYTE?DS1302
            CODE    5468H     0019H     UNIT         ?PR?RTC_WRITE?DS1302
            CODE    5481H     0018H     UNIT         ?PR?_OLED_POW?OLED
            CODE    5499H     0016H     UNIT         ?PR?BEEP_ERROR?TOMATOCLOCK8
            CODE    54AFH     0013H     UNIT         ?PR?EXIT_SETTING_MODE?TOMATOCLOCK8
            CODE    54C2H     0012H     UNIT         ?PR?_NVM_READ?DS1302
            CODE    54D4H     0011H     UNIT         ?PR?_SETCCP0?SYS
            CODE    54E5H     0010H     UNIT         ?PR?_IRINIT?IR
            CODE    54F5H     000FH     UNIT         ?PR?I2C_START?OLED
            CODE    5504H     000FH     UNIT         ?PR?I2C_WAITACK?OLED
            CODE    5513H     000FH     UNIT         ?PR?_?SYS_GET_KNEVENT?ADC
            CODE    5522H     000FH     UNIT         ?PR?_?SYS_GET_EXTADCEVENT?ADC
            CODE    5531H     000FH     UNIT         ?PR?_?SYS_GET_KEYEVENT?KEY
            CODE    5540H     000FH     UNIT         ?PR?MUSICPLAYERINIT?MUSIC
            CODE    554FH     000FH     UNIT         ?PR?_?SYS_GET_UART1RXDEVENT?UART1
            CODE    555EH     000EH     UNIT         ?PR?EXIT_LED_CONTROL_MODE?TOMATOCLOCK8
            CODE    556CH     000BH     UNIT         ?PR?BEEP_CONFIRM?TOMATOCLOCK8
            CODE    5577H     000BH     UNIT         ?PR?GETUART1TXSTATUS?UART1
            CODE    5582H     000AH     UNIT         ?PR?I2C_STOP?OLED
            CODE    558CH     0009H     UNIT         ?PR?IIC_DELAY?OLED
            CODE    5595H     0009H     UNIT         ?CO?ADC
            CODE    559EH     0009H     UNIT         ?PR?_SETDISPLAYERAREA?DISPLAYER
            CODE    55A7H     0009H     UNIT         ?PR?GETBEEPTIMER?SYS
            CODE    55B0H     0009H     UNIT         ?PR?_SETBEEPTIMER?SYS
            CODE    55B9H     0009H     UNIT         ?PR?_SETIRRXD?IR
            CODE    55C2H     0007H     UNIT         ?PR?GETSYSPERFORMANCE?SYS
            CODE    55C9H     0007H     UNIT         ?PR?RTC_READ?DS1302
            CODE    55D0H     0006H     UNIT         ?PR?ADC_ISR?ADC
            CODE    55D6H     0006H     UNIT         ?PR?_LEDPRINT?DISPLAYER
            CODE    55DCH     0006H     UNIT         ?PR?MYSTC_INIT?SYS
            CODE    55E2H     0006H     UNIT         ?PR?GETPLAYERMODE?MUSIC
            CODE    55E8H     0003H     UNIT         ?PR?CLRBEEPPIN?SYS
            CODE    55EBH     0003H     UNIT         ?PR?GETIRRXNUM?IR



OVERLAY MAP OF MODULE:   tomatoclock8 (?C_STARTUP)


SEGMENT                                           DATA_GROUP          XDATA_GROUP
BL51 BANKED LINKER/LOCATER V6.22                                                      09/19/2025  02:20:29  PAGE 5


  +--> CALLED SEGMENT                           START    LENGTH     START    LENGTH
-----------------------------------------------------------------------------------
?C_C51STARTUP                                   -----    -----      -----    -----
  +--> ?PR?MAIN?TOMATOCLOCK8
  +--> ?C_INITSEG

?PR?MAIN?TOMATOCLOCK8                           -----    -----      -----    -----
  +--> ?PR?DS1302INIT?DS1302
  +--> ?PR?_UART1INIT?UART1
  +--> ?PR?KEYINIT?KEY
  +--> ?PR?DISPLAYERINIT?DISPLAYER
  +--> ?PR?MUSICPLAYERINIT?MUSIC
  +--> ?PR?BEEPINIT?BEEP
  +--> ?PR?_IRINIT?IR
  +--> ?PR?_ADCINIT?ADC
  +--> ?PR?OLED_INIT?OLED
  +--> ?PR?OLED_CLEAR?OLED
  +--> ?PR?LOAD_SETTINGS?TOMATOCLOCK8
  +--> ?PR?KEY_CALLBACK?TOMATOCLOCK8
  +--> ?PR?_SETEVENTCALLBACK?SYS
  +--> ?PR?NAV_CALLBACK?TOMATOCLOCK8
  +--> ?PR?ROP_CALLBACK?TOMATOCLOCK8
  +--> ?PR?TIMER_100MS_CALLBACK?TOMATOCLOCK8
  +--> ?PR?TIMER_1S_CALLBACK?TOMATOCLOCK8
  +--> ?PR?UART_RX_CALLBACK?TOMATOCLOCK8
  +--> ?PR?_SETUART1RXD?UART1
  +--> ?PR?_SETIRRXD?IR
  +--> ?PR?MYSTC_INIT?SYS
  +--> ?PR?UPDATE_DISPLAY?TOMATOCLOCK8
  +--> ?PR?_LEDPRINT?DISPLAYER
  +--> ?PR?_DELAY_MS?OLED
  +--> ?CO?TOMATOCLOCK8
  +--> ?PR?_UART1PRINT?UART1
  +--> ?PR?BEEP_CONFIRM?TOMATOCLOCK8
  +--> ?PR?MYSTC_OS?SYS

?PR?DS1302INIT?DS1302                           0023H    0007H      -----    -----
  +--> ?PR?_DS1302READ?DS1302
  +--> ?PR?_DS1302WRITE?DS1302
  +--> ?PR?_NVM_READ?DS1302
  +--> ?PR?RTC_WRITE?DS1302
  +--> ?PR?_NVM_WRITE?DS1302
  +--> ?PR?_?SYS_DS1302_DRV?DS1302

?PR?_DS1302READ?DS1302                          -----    -----      -----    -----
  +--> ?PR?_DS1302WRITEBYTE?DS1302
  +--> ?PR?DS1302READBYTE?DS1302

?PR?_DS1302WRITE?DS1302                         -----    -----      -----    -----
  +--> ?PR?_DS1302WRITEBYTE?DS1302

?PR?_NVM_READ?DS1302                            -----    -----      -----    -----
  +--> ?PR?_DS1302READ?DS1302

?PR?RTC_WRITE?DS1302                            002AH    0007H      -----    -----

?PR?_NVM_WRITE?DS1302                           -----    -----      -----    -----
BL51 BANKED LINKER/LOCATER V6.22                                                      09/19/2025  02:20:29  PAGE 6


  +--> ?PR?_DS1302WRITE?DS1302

?PR?_?SYS_DS1302_DRV?DS1302                     -----    -----      -----    -----
  +--> ?PR?_DS1302READ?DS1302
  +--> ?PR?_DS1302WRITE?DS1302

?PR?_UART1INIT?UART1                            0023H    0004H      -----    -----
  +--> ?CO?TOMATOCLOCK8
  +--> ?PR?_?SYS_GET_UART1RXDEVENT?UART1

?PR?KEYINIT?KEY                                 -----    -----      -----    -----
  +--> ?PR?_?SYS_GET_KEYEVENT?KEY
  +--> ?PR?_?SYS_KEY_DRV?KEY

?PR?DISPLAYERINIT?DISPLAYER                     -----    -----      -----    -----
  +--> ?PR?_?SYS_DISPLAY_DRV?DISPLAYER

?PR?_?SYS_DISPLAY_DRV?DISPLAYER                 -----    -----      -----    -----
  +--> ?CO?TOMATOCLOCK8

?PR?MUSICPLAYERINIT?MUSIC                       -----    -----      -----    -----
  +--> ?PR?_?SYS_MUSIC_DRV?MUSIC

?PR?_?SYS_MUSIC_DRV?MUSIC                       -----    -----      -----    -----
  +--> ?PR?GETBEEPSTATUS?BEEP
  +--> ?PR?_SEG7PRINT?DISPLAYER
  +--> ?PR?_LEDPRINT?DISPLAYER
  +--> ?PR?_PLAYTONE?MUSIC

?PR?GETBEEPSTATUS?BEEP                          -----    -----      -----    -----
  +--> ?PR?GETBEEPTIMER?SYS

?PR?_SEG7PRINT?DISPLAYER                        0024H    0008H      -----    -----

?PR?_PLAYTONE?MUSIC                             0023H    0006H      -----    -----
  +--> ?PR?GETBEEPSTATUS?BEEP
  +--> ?CO?MUSIC
  +--> ?PR?_SETBEEP?BEEP

?PR?_SETBEEP?BEEP                               0029H    0004H      -----    -----
  +--> ?PR?GETBEEPTIMER?SYS
  +--> ?PR?_SETBEEPTIMER?SYS
  +--> ?CO?TOMATOCLOCK8
  +--> ?PR?_SETCCP0?SYS
  +--> ?PR?CLRBEEPPIN?SYS

?PR?BEEPINIT?BEEP                               -----    -----      -----    -----
  +--> ?PR?CLRBEEPPIN?SYS
  +--> ?PR?_?SYS_BEEP_DRV?BEEP

?PR?_?SYS_BEEP_DRV?BEEP                         -----    -----      -----    -----
  +--> ?PR?GETBEEPTIMER?SYS
  +--> ?PR?_SETBEEPTIMER?SYS

?PR?_ADCINIT?ADC                                -----    -----      -----    -----
  +--> ?PR?_?SYS_ADC_DRV?ADC
  +--> ?PR?_?SYS_GET_KNEVENT?ADC
BL51 BANKED LINKER/LOCATER V6.22                                                      09/19/2025  02:20:29  PAGE 7


  +--> ?PR?_?SYS_GET_EXTADCEVENT?ADC

?PR?_?SYS_ADC_DRV?ADC                           -----    -----      -----    -----
  +--> ?CO?ADC

?PR?OLED_INIT?OLED                              -----    -----      -----    -----
  +--> ?PR?_DELAY_MS?OLED
  +--> ?PR?_OLED_WR_BYTE?OLED
  +--> ?PR?OLED_CLEAR?OLED

?PR?_OLED_WR_BYTE?OLED                          -----    -----      -----    -----
  +--> ?PR?I2C_START?OLED
  +--> ?PR?_SEND_BYTE?OLED
  +--> ?PR?I2C_WAITACK?OLED
  +--> ?PR?I2C_STOP?OLED

?PR?I2C_START?OLED                              -----    -----      -----    -----
  +--> ?PR?IIC_DELAY?OLED

?PR?_SEND_BYTE?OLED                             -----    -----      -----    -----
  +--> ?PR?IIC_DELAY?OLED

?PR?I2C_WAITACK?OLED                            -----    -----      -----    -----
  +--> ?PR?IIC_DELAY?OLED

?PR?I2C_STOP?OLED                               -----    -----      -----    -----
  +--> ?PR?IIC_DELAY?OLED

?PR?OLED_CLEAR?OLED                             0025H    0001H      -----    -----
  +--> ?PR?_OLED_WR_BYTE?OLED

?PR?LOAD_SETTINGS?TOMATOCLOCK8                  0023H    0002H      -----    -----
  +--> ?PR?_NVM_READ?DS1302
  +--> ?PR?_OLED_SHOWCHINESE?OLED
  +--> ?PR?_DELAY_MS?OLED
  +--> ?PR?OLED_CLEAR?OLED

?PR?_OLED_SHOWCHINESE?OLED                      0025H    0004H      -----    -----
  +--> ?PR?_OLED_SET_POS?OLED
  +--> ?CO?OLED
  +--> ?PR?_OLED_WR_BYTE?OLED

?PR?_OLED_SET_POS?OLED                          -----    -----      -----    -----
  +--> ?PR?_OLED_WR_BYTE?OLED

?PR?KEY_CALLBACK?TOMATOCLOCK8                   -----    -----      02E5H    0001H
  +--> ?PR?_GETKEYACT?KEY
  +--> ?PR?HANDLE_KEY1?TOMATOCLOCK8
  +--> ?PR?HANDLE_KEY2?TOMATOCLOCK8

?PR?HANDLE_KEY1?TOMATOCLOCK8                    -----    -----      -----    -----
  +--> ?PR?START_COUNTDOWN?TOMATOCLOCK8
  +--> ?PR?_UART1PRINT?UART1
  +--> ?PR?_LEDPRINT?DISPLAYER
  +--> ?PR?BEEP_CONFIRM?TOMATOCLOCK8
  +--> ?PR?OLED_CLEAR?OLED
  +--> ?PR?_OLED_SHOWCHINESE?OLED
BL51 BANKED LINKER/LOCATER V6.22                                                      09/19/2025  02:20:29  PAGE 8



?PR?START_COUNTDOWN?TOMATOCLOCK8                -----    -----      -----    -----
  +--> ?PR?SEND_TOMATO_COMMAND?TOMATOCLOCK8
  +--> ?PR?_SEND_DATA_TO_PC?TOMATOCLOCK8
  +--> ?PR?_LEDPRINT?DISPLAYER
  +--> ?PR?BEEP_CONFIRM?TOMATOCLOCK8
  +--> ?PR?UPDATE_DISPLAY?TOMATOCLOCK8

?PR?SEND_TOMATO_COMMAND?TOMATOCLOCK8            -----    -----      -----    -----
  +--> ?PR?_IRPRINT?IR
  +--> ?PR?_SETBEEP?BEEP
  +--> ?PR?BEEP_ERROR?TOMATOCLOCK8

?PR?BEEP_ERROR?TOMATOCLOCK8                     -----    -----      -----    -----
  +--> ?PR?_SETBEEP?BEEP

?PR?_SEND_DATA_TO_PC?TOMATOCLOCK8               0024H    0005H      -----    -----
  +--> ?PR?_UART1PRINT?UART1

?PR?BEEP_CONFIRM?TOMATOCLOCK8                   -----    -----      -----    -----
  +--> ?PR?_SETBEEP?BEEP

?PR?UPDATE_DISPLAY?TOMATOCLOCK8                 -----    -----      02E6H    0008H
  +--> ?PR?UPDATE_LED_DISPLAY?TOMATOCLOCK8
  +--> ?PR?_SEG7PRINT?DISPLAYER

?PR?UPDATE_LED_DISPLAY?TOMATOCLOCK8             -----    -----      02EEH    0008H
  +--> ?PR?OLED_CLEAR?OLED
  +--> ?PR?_OLED_SHOWCHINESE?OLED
  +--> ?PR?_SEG7PRINT?DISPLAYER

?PR?HANDLE_KEY2?TOMATOCLOCK8                    -----    -----      -----    -----
  +--> ?PR?EXIT_LED_CONTROL_MODE?TOMATOCLOCK8
  +--> ?PR?STOP_COUNTDOWN?TOMATOCLOCK8
  +--> ?PR?BEEP_CONFIRM?TOMATOCLOCK8
  +--> ?PR?OLED_CLEAR?OLED
  +--> ?PR?_OLED_SHOWCHINESE?OLED
  +--> ?PR?ENTER_SETTING_MODE?TOMATOCLOCK8
  +--> ?PR?EXIT_SETTING_MODE?TOMATOCLOCK8

?PR?EXIT_LED_CONTROL_MODE?TOMATOCLOCK8          -----    -----      -----    -----
  +--> ?PR?_LEDPRINT?DISPLAYER
  +--> ?PR?UPDATE_DISPLAY?TOMATOCLOCK8

?PR?STOP_COUNTDOWN?TOMATOCLOCK8                 -----    -----      -----    -----
  +--> ?PR?_IRPRINT?IR
  +--> ?PR?_SEND_DATA_TO_PC?TOMATOCLOCK8
  +--> ?PR?_LEDPRINT?DISPLAYER
  +--> ?PR?UPDATE_DISPLAY?TOMATOCLOCK8

?PR?ENTER_SETTING_MODE?TOMATOCLOCK8             -----    -----      -----    -----
  +--> ?PR?_LEDPRINT?DISPLAYER
  +--> ?PR?BEEP_CONFIRM?TOMATOCLOCK8
  +--> ?PR?UPDATE_DISPLAY?TOMATOCLOCK8
  +--> ?PR?_SEND_DATA_TO_PC?TOMATOCLOCK8

?PR?EXIT_SETTING_MODE?TOMATOCLOCK8              -----    -----      -----    -----
BL51 BANKED LINKER/LOCATER V6.22                                                      09/19/2025  02:20:29  PAGE 9


  +--> ?PR?SAVE_SETTINGS?TOMATOCLOCK8
  +--> ?PR?_LEDPRINT?DISPLAYER
  +--> ?PR?BEEP_CONFIRM?TOMATOCLOCK8
  +--> ?PR?UPDATE_DISPLAY?TOMATOCLOCK8

?PR?SAVE_SETTINGS?TOMATOCLOCK8                  -----    -----      -----    -----
  +--> ?PR?_NVM_WRITE?DS1302

?PR?_SETEVENTCALLBACK?SYS                       0023H    0003H      -----    -----

?PR?NAV_CALLBACK?TOMATOCLOCK8                   -----    -----      02E5H    0001H
  +--> ?PR?_GETADCNAVACT?ADC
  +--> ?PR?_SETPLAYERMODE?MUSIC
  +--> ?CO?TOMATOCLOCK8
  +--> ?PR?_SETMUSIC?MUSIC
  +--> ?PR?BEEP_CONFIRM?TOMATOCLOCK8
  +--> ?PR?OLED_CLEAR?OLED
  +--> ?PR?_OLED_SHOWCHINESE?OLED
  +--> ?PR?_HANDLE_NAV?TOMATOCLOCK8

?PR?_SETMUSIC?MUSIC                             0023H    0008H      -----    -----

?PR?_HANDLE_NAV?TOMATOCLOCK8                    0023H    0001H      -----    -----
  +--> ?PR?OLED_CLEAR?OLED
  +--> ?PR?_OLED_SHOWCHINESE?OLED
  +--> ?PR?BEEP_CONFIRM?TOMATOCLOCK8
  +--> ?PR?EXIT_SETTING_MODE?TOMATOCLOCK8
  +--> ?PR?_SEND_DATA_TO_PC?TOMATOCLOCK8
  +--> ?PR?UPDATE_DISPLAY?TOMATOCLOCK8
  +--> ?PR?_LEDPRINT?DISPLAYER
  +--> ?PR?UPDATE_LED_DISPLAY?TOMATOCLOCK8
  +--> ?PR?SEND_LED_COMMAND?TOMATOCLOCK8
  +--> ?PR?EXIT_LED_CONTROL_MODE?TOMATOCLOCK8
  +--> ?PR?ENTER_LED_CONTROL_MODE?TOMATOCLOCK8

?PR?SEND_LED_COMMAND?TOMATOCLOCK8               -----    -----      -----    -----
  +--> ?PR?_IRPRINT?IR
  +--> ?PR?BEEP_CONFIRM?TOMATOCLOCK8
  +--> ?PR?OLED_CLEAR?OLED
  +--> ?PR?_OLED_SHOWCHINESE?OLED
  +--> ?PR?_DELAY_MS?OLED
  +--> ?PR?BEEP_ERROR?TOMATOCLOCK8
  +--> ?PR?_UART1PRINT?UART1

?PR?ENTER_LED_CONTROL_MODE?TOMATOCLOCK8         -----    -----      -----    -----
  +--> ?PR?_LEDPRINT?DISPLAYER
  +--> ?PR?BEEP_CONFIRM?TOMATOCLOCK8
  +--> ?PR?UPDATE_LED_DISPLAY?TOMATOCLOCK8
  +--> ?PR?OLED_CLEAR?OLED
  +--> ?PR?_OLED_SHOWCHAR?OLED
  +--> ?PR?_OLED_SHOWCHINESE?OLED

?PR?_OLED_SHOWCHAR?OLED                         0024H    000AH      -----    -----
  +--> ?PR?_OLED_SET_POS?OLED
  +--> ?CO?OLED
  +--> ?PR?_OLED_WR_BYTE?OLED

BL51 BANKED LINKER/LOCATER V6.22                                                      09/19/2025  02:20:29  PAGE 10


?PR?ROP_CALLBACK?TOMATOCLOCK8                   -----    -----      -----    -----
  +--> ?PR?GETADC?ADC
  +--> ?PR?_SETBEEP?BEEP

?PR?TIMER_100MS_CALLBACK?TOMATOCLOCK8           -----    -----      -----    -----
  +--> ?PR?UPDATE_DISPLAY?TOMATOCLOCK8

?PR?TIMER_1S_CALLBACK?TOMATOCLOCK8              -----    -----      -----    -----
  +--> ?PR?UPDATE_COUNTDOWN?TOMATOCLOCK8
  +--> ?PR?STOP_COUNTDOWN?TOMATOCLOCK8
  +--> ?PR?BEEP_COUNTDOWN_END?TOMATOCLOCK8
  +--> ?PR?OLED_CLEAR?OLED
  +--> ?PR?_OLED_SHOWCHINESE?OLED
  +--> ?PR?GETPLAYERMODE?MUSIC

?PR?UPDATE_COUNTDOWN?TOMATOCLOCK8               -----    -----      -----    -----
  +--> ?PR?UPDATE_DISPLAY?TOMATOCLOCK8
  +--> ?PR?_SETBEEP?BEEP

?PR?BEEP_COUNTDOWN_END?TOMATOCLOCK8             -----    -----      -----    -----
  +--> ?PR?_SETBEEP?BEEP
  +--> ?PR?_LEDPRINT?DISPLAYER

?PR?UART_RX_CALLBACK?TOMATOCLOCK8               0023H    0001H      -----    -----
  +--> ?PR?_SETBEEP?BEEP
  +--> ?PR?_DELAY_MS?OLED
  +--> ?PR?STOP_COUNTDOWN?TOMATOCLOCK8
  +--> ?PR?OLED_CLEAR?OLED
  +--> ?PR?_OLED_SHOWCHINESE?OLED
  +--> ?PR?RTC_READ?DS1302
  +--> ?PR?_SEG7PRINT?DISPLAYER

?PR?_SETUART1RXD?UART1                          0023H    000AH      -----    -----

?PR?MYSTC_INIT?SYS                              -----    -----      -----    -----
  +--> ?PR?SYS_TIMER0_INIT?SYS

?PR?SYS_TIMER0_INIT?SYS                         -----    -----      -----    -----
  +--> ?CO?TOMATOCLOCK8

?PR?MYSTC_OS?SYS                                -----    -----      -----    -----
  +--> ?PR?SYS_TASK_IR?SYS
  +--> ?PR?SYS_TASK_1MS?SYS
  +--> ?PR?SYS_TASK_10MS?SYS
  +--> ?PR?SYS_TASK_100MS?SYS
  +--> ?PR?SYS_TASK_1S?SYS

?C_INITSEG                                      -----    -----      -----    -----
  +--> ?PR?_?NULLFUNC?SYS
  +--> ?PR?_?RET0FUNC?SYS



SYMBOL TABLE OF MODULE:  tomatoclock8 (?C_STARTUP)

  VALUE           TYPE          NAME
  ----------------------------------
BL51 BANKED LINKER/LOCATER V6.22                                                      09/19/2025  02:20:29  PAGE 11



  -------         MODULE        ?C_STARTUP
  C:45D6H         SEGMENT       ?C_C51STARTUP
  I:006FH         SEGMENT       ?STACK
  C:0000H         PUBLIC        ?C_STARTUP
  D:00E0H         SYMBOL        ACC
  D:00F0H         SYMBOL        B
  D:0083H         SYMBOL        DPH
  D:0082H         SYMBOL        DPL
  N:0000H         SYMBOL        IBPSTACK
  N:0100H         SYMBOL        IBPSTACKTOP
  N:0080H         SYMBOL        IDATALEN
  C:45D9H         SYMBOL        IDATALOOP
  N:0000H         SYMBOL        PBPSTACK
  N:0100H         SYMBOL        PBPSTACKTOP
  N:0000H         SYMBOL        PDATALEN
  N:0000H         SYMBOL        PDATASTART
  N:0000H         SYMBOL        PPAGE
  N:0000H         SYMBOL        PPAGEENABLE
  D:00A0H         SYMBOL        PPAGE_SFR
  D:0081H         SYMBOL        SP
  C:45D6H         SYMBOL        STARTUP1
  N:0000H         SYMBOL        XBPSTACK
  N:0000H         SYMBOL        XBPSTACKTOP
  N:0000H         SYMBOL        XDATALEN
  N:0000H         SYMBOL        XDATASTART
  C:0000H         LINE#         126
  C:45D6H         LINE#         133
  C:45D8H         LINE#         134
  C:45D9H         LINE#         135
  C:45DAH         LINE#         136
  C:45DCH         LINE#         185
  C:45DFH         LINE#         196
  -------         ENDMOD        ?C_STARTUP

  -------         MODULE        OLED
  C:0000H         SYMBOL        _ICE_DUMMY_
  C:000EH         PUBLIC        OLED_Display_On
  D:0080H         PUBLIC        P0
  D:0090H         PUBLIC        P1
  D:00A0H         PUBLIC        P2
  C:52CCH         PUBLIC        _Send_Byte
  D:00B0H         PUBLIC        P3
  D:00C0H         PUBLIC        P4
  D:00C8H         PUBLIC        P5
  D:00E8H         PUBLIC        P6
  D:00F8H         PUBLIC        P7
  C:5234H         PUBLIC        _OLED_DisplayTurn
  D:00A8H         PUBLIC        IE
  D:00B8H         PUBLIC        IP
  C:0056H         PUBLIC        asc2_0806
  C:00B0H         PUBLIC        asc2_1608
  C:3E94H         PUBLIC        OLED_Init
  C:4B0CH         PUBLIC        _OLED_Write_GRAM
  D:00D8H         PUBLIC        CCON
  C:4CABH         PUBLIC        _OLED_ShowString
  C:4FEBH         PUBLIC        _OLED_WR_Byte
BL51 BANKED LINKER/LOCATER V6.22                                                      09/19/2025  02:20:29  PAGE 12


  C:49DAH         PUBLIC        _OLED_DrawBMP1
  C:3F64H         PUBLIC        _OLED_ShowChar
  X:0000H         PUBLIC        OLED_GRAM
  C:06A0H         PUBLIC        Hzk
  C:54F5H         PUBLIC        I2C_Start
  C:541DH         PUBLIC        _OLED_ColorTurn
  D:0098H         PUBLIC        SCON
  D:0088H         PUBLIC        TCON
  C:5504H         PUBLIC        I2C_WaitAck
  C:5582H         PUBLIC        I2C_Stop
  C:52EFH         PUBLIC        _OLED_Set_Pos
  C:558CH         PUBLIC        IIC_delay
  C:4D3DH         PUBLIC        _OLED_ShowCHinese
  C:5403H         PUBLIC        _delay_ms
  C:4A42H         PUBLIC        OLED_Refresh
  C:46EDH         PUBLIC        _OLED_ShowNum
  C:003EH         PUBLIC        OLED_Display_Off
  C:5481H         PUBLIC        _oled_pow
  B:0090H.1       PUBLIC        OLED_SDA
  B:0090H.0       PUBLIC        OLED_SCL
  C:50DCH         PUBLIC        OLED_Clear
  B:0090H.2       PUBLIC        OLED_RES
  C:4AA7H         PUBLIC        _OLED_DrawBMP
  D:00D0H         PUBLIC        PSW
  -------         PROC          _OLED_WRITE_GRAM
  D:0007H         SYMBOL        x
  D:0005H         SYMBOL        y
  B:0022H.4       SYMBOL        value
  -------         DO            
  D:0006H         SYMBOL        OLED_page
  D:0005H         SYMBOL        OLED_page_value
  -------         ENDDO         
  C:4B0CH         LINE#         19
  C:4B0CH         LINE#         20
  C:4B0CH         LINE#         21
  C:4B13H         LINE#         22
  C:4B23H         LINE#         23
  C:4B29H         LINE#         25
  C:4B33H         LINE#         26
  C:4B49H         LINE#         28
  C:4B63H         LINE#         29
  -------         ENDPROC       _OLED_WRITE_GRAM
  -------         PROC          OLED_REFRESH
  -------         DO            
  D:0067H         SYMBOL        i
  D:0068H         SYMBOL        n
  -------         ENDDO         
  C:4A42H         LINE#         33
  C:4A42H         LINE#         34
  C:4A42H         LINE#         36
  C:4A45H         LINE#         37
  C:4A45H         LINE#         38
  C:4A4FH         LINE#         39
  C:4A55H         LINE#         40
  C:4A5CH         LINE#         41
  C:4A5FH         LINE#         42
  C:4A5FH         LINE#         43
BL51 BANKED LINKER/LOCATER V6.22                                                      09/19/2025  02:20:29  PAGE 13


  C:4A81H         LINE#         45
  C:4A8AH         LINE#         46
  C:4A93H         LINE#         47
  C:4A96H         LINE#         48
  C:4AA6H         LINE#         49
  -------         ENDPROC       OLED_REFRESH
  -------         PROC          _DELAY_MS
  D:0006H         SYMBOL        ms
  -------         DO            
  D:0004H         SYMBOL        a
  -------         ENDDO         
  C:5403H         LINE#         50
  C:5403H         LINE#         51
  C:5403H         LINE#         53
  C:5407H         LINE#         54
  C:5407H         LINE#         55
  C:540BH         LINE#         56
  C:5415H         LINE#         58
  C:541AH         LINE#         59
  C:541CH         LINE#         61
  -------         ENDPROC       _DELAY_MS
  -------         PROC          _OLED_COLORTURN
  D:006BH         SYMBOL        i
  C:541DH         LINE#         64
  C:541FH         LINE#         65
  C:541FH         LINE#         66
  C:5423H         LINE#         67
  C:5423H         LINE#         68
  C:5429H         LINE#         69
  C:5429H         LINE#         70
  C:542EH         LINE#         71
  C:542EH         LINE#         72
  C:5435H         LINE#         73
  C:5435H         LINE#         74
  -------         ENDPROC       _OLED_COLORTURN
  -------         PROC          _OLED_DISPLAYTURN
  D:006CH         SYMBOL        i
  C:5234H         LINE#         77
  C:5236H         LINE#         78
  C:5236H         LINE#         79
  C:523AH         LINE#         80
  C:523AH         LINE#         81
  C:5240H         LINE#         82
  C:5247H         LINE#         83
  C:5247H         LINE#         84
  C:524CH         LINE#         85
  C:524CH         LINE#         86
  C:5253H         LINE#         87
  C:525AH         LINE#         88
  C:525AH         LINE#         89
  -------         ENDPROC       _OLED_DISPLAYTURN
  -------         PROC          IIC_DELAY
  -------         DO            
  D:0007H         SYMBOL        t
  -------         ENDDO         
  C:558CH         LINE#         92
  C:558CH         LINE#         93
BL51 BANKED LINKER/LOCATER V6.22                                                      09/19/2025  02:20:29  PAGE 14


  C:558CH         LINE#         94
  C:558EH         LINE#         95
  C:5594H         LINE#         97
  -------         ENDPROC       IIC_DELAY
  -------         PROC          I2C_START
  C:54F5H         LINE#         100
  C:54F5H         LINE#         101
  C:54F5H         LINE#         102
  C:54F7H         LINE#         103
  C:54F9H         LINE#         104
  C:54FCH         LINE#         105
  C:54FEH         LINE#         106
  C:5501H         LINE#         107
  C:5503H         LINE#         108
  -------         ENDPROC       I2C_START
  -------         PROC          I2C_STOP
  C:5582H         LINE#         111
  C:5582H         LINE#         112
  C:5582H         LINE#         113
  C:5584H         LINE#         114
  C:5586H         LINE#         115
  C:5589H         LINE#         116
  C:558BH         LINE#         117
  -------         ENDPROC       I2C_STOP
  -------         PROC          I2C_WAITACK
  C:5504H         LINE#         120
  C:5504H         LINE#         121
  C:5504H         LINE#         122
  C:5506H         LINE#         123
  C:5509H         LINE#         124
  C:550BH         LINE#         125
  C:550EH         LINE#         126
  C:5510H         LINE#         127
  -------         ENDPROC       I2C_WAITACK
  -------         PROC          _SEND_BYTE
  D:0005H         SYMBOL        dat
  -------         DO            
  D:0004H         SYMBOL        i
  -------         ENDDO         
  C:52CCH         LINE#         131
  C:52CEH         LINE#         132
  C:52CEH         LINE#         134
  C:52D0H         LINE#         135
  C:52D0H         LINE#         136
  C:52D2H         LINE#         137
  C:52D6H         LINE#         138
  C:52D6H         LINE#         139
  C:52D8H         LINE#         140
  C:52DAH         LINE#         142
  C:52DAH         LINE#         143
  C:52DCH         LINE#         144
  C:52DCH         LINE#         145
  C:52DFH         LINE#         146
  C:52E1H         LINE#         147
  C:52E4H         LINE#         148
  C:52E6H         LINE#         149
  C:52EAH         LINE#         150
BL51 BANKED LINKER/LOCATER V6.22                                                      09/19/2025  02:20:29  PAGE 15


  C:52EEH         LINE#         151
  -------         ENDPROC       _SEND_BYTE
  C:4FE4H         SYMBOL        L?0118
  -------         PROC          L?0117
  -------         ENDPROC       L?0117
  C:4FE4H         SYMBOL        L?0118
  -------         PROC          _OLED_WR_BYTE
  D:0002H         SYMBOL        dat
  D:0003H         SYMBOL        mode
  C:4FEBH         LINE#         156
  C:4FEFH         LINE#         157
  C:4FEFH         LINE#         158
  C:4FF2H         LINE#         159
  C:4FF7H         LINE#         160
  C:4FFAH         LINE#         161
  C:4FFDH         LINE#         162
  C:4FFDH         LINE#         163
  C:4FFFH         LINE#         164
  C:5001H         LINE#         166
  C:5001H         LINE#         167
  C:5006H         LINE#         168
  C:5006H         LINE#         169
  C:5009H         LINE#         170
  C:500EH         LINE#         171
  C:5011H         LINE#         172
  -------         ENDPROC       _OLED_WR_BYTE
  -------         PROC          _OLED_SET_POS
  D:0001H         SYMBOL        x
  D:0005H         SYMBOL        y
  C:52EFH         LINE#         177
  C:52F1H         LINE#         178
  C:52F1H         LINE#         179
  C:52FAH         LINE#         180
  C:5308H         LINE#         181
  -------         ENDPROC       _OLED_SET_POS
  -------         PROC          OLED_DISPLAY_ON
  C:000EH         LINE#         184
  C:000EH         LINE#         185
  C:000EH         LINE#         186
  C:0015H         LINE#         187
  C:001CH         LINE#         188
  -------         ENDPROC       OLED_DISPLAY_ON
  -------         PROC          OLED_DISPLAY_OFF
  C:003EH         LINE#         191
  C:003EH         LINE#         192
  C:003EH         LINE#         193
  C:0045H         LINE#         194
  C:004CH         LINE#         195
  -------         ENDPROC       OLED_DISPLAY_OFF
  -------         PROC          OLED_CLEAR
  -------         DO            
  D:0001H         SYMBOL        i
  D:0025H         SYMBOL        n
  -------         ENDDO         
  C:50DCH         LINE#         198
  C:50DCH         LINE#         199
  C:50DCH         LINE#         201
BL51 BANKED LINKER/LOCATER V6.22                                                      09/19/2025  02:20:29  PAGE 16


  C:50DEH         LINE#         202
  C:50DEH         LINE#         203
  C:50E7H         LINE#         204
  C:50EDH         LINE#         205
  C:50F4H         LINE#         206
  C:50F7H         LINE#         207
  C:5107H         LINE#         208
  C:510BH         LINE#         209
  -------         ENDPROC       OLED_CLEAR
  -------         PROC          _OLED_SHOWCHAR
  D:0024H         SYMBOL        x
  D:0025H         SYMBOL        y
  D:0003H         SYMBOL        chr
  D:0027H         SYMBOL        sizey
  -------         DO            
  D:0028H         SYMBOL        c
  D:0029H         SYMBOL        sizex
  D:002AH         SYMBOL        i
  D:002CH         SYMBOL        size1
  -------         ENDDO         
  C:3F64H         LINE#         215
  C:3F68H         LINE#         216
  C:3F68H         LINE#         217
  C:3F72H         LINE#         218
  C:3F77H         LINE#         219
  C:3F7CH         LINE#         220
  C:3F84H         LINE#         222
  C:3FADH         LINE#         223
  C:3FB2H         LINE#         224
  C:3FB9H         LINE#         225
  C:3FC9H         LINE#         226
  C:3FC9H         LINE#         227
  C:3FDFH         LINE#         228
  C:3FE8H         LINE#         229
  C:3FEDH         LINE#         230
  C:3FFCH         LINE#         231
  C:4001H         LINE#         232
  C:401EH         LINE#         236
  C:4028H         LINE#         237
  -------         ENDPROC       _OLED_SHOWCHAR
  -------         PROC          _OLED_POW
  D:006DH         SYMBOL        m
  D:0001H         SYMBOL        n
  -------         DO            
  D:0006H         SYMBOL        result
  -------         ENDDO         
  C:5481H         LINE#         239
  C:5485H         LINE#         240
  C:5485H         LINE#         241
  C:5489H         LINE#         242
  C:548FH         LINE#         243
  C:5498H         LINE#         244
  C:5498H         LINE#         245
  -------         ENDPROC       _OLED_POW
  -------         PROC          _OLED_SHOWNUM
  D:0047H         SYMBOL        x
  D:0048H         SYMBOL        y
BL51 BANKED LINKER/LOCATER V6.22                                                      09/19/2025  02:20:29  PAGE 17


  D:0049H         SYMBOL        num
  D:004BH         SYMBOL        len
  D:004CH         SYMBOL        sizey
  -------         DO            
  D:004DH         SYMBOL        t
  D:004EH         SYMBOL        temp
  D:004FH         SYMBOL        m
  D:0050H         SYMBOL        enshow
  -------         ENDDO         
  C:46EDH         LINE#         251
  C:46F5H         LINE#         252
  C:46F5H         LINE#         253
  C:46F8H         LINE#         254
  C:46FAH         LINE#         255
  C:46FFH         LINE#         256
  C:4702H         LINE#         257
  C:470CH         LINE#         258
  C:470CH         LINE#         259
  C:472EH         LINE#         260
  C:473CH         LINE#         261
  C:473CH         LINE#         262
  C:4740H         LINE#         263
  C:4740H         LINE#         264
  C:4752H         LINE#         265
  C:4754H         LINE#         266
  C:4754H         LINE#         268
  C:4757H         LINE#         269
  C:4757H         LINE#         270
  C:4771H         LINE#         271
  C:4775H         LINE#         272
  -------         ENDPROC       _OLED_SHOWNUM
  -------         PROC          _OLED_SHOWSTRING
  D:0019H         SYMBOL        x
  D:001AH         SYMBOL        y
  D:001BH         SYMBOL        chr
  D:001EH         SYMBOL        sizey
  -------         DO            
  D:001FH         SYMBOL        j
  -------         ENDDO         
  C:4CABH         LINE#         274
  C:4CB5H         LINE#         275
  C:4CB5H         LINE#         276
  C:4CB8H         LINE#         277
  C:4CC9H         LINE#         278
  C:4CC9H         LINE#         279
  C:4CE0H         LINE#         280
  C:4CE5H         LINE#         281
  C:4CE9H         LINE#         283
  C:4CF1H         LINE#         284
  C:4CF3H         LINE#         285
  -------         ENDPROC       _OLED_SHOWSTRING
  -------         PROC          _OLED_SHOWCHINESE
  D:0025H         SYMBOL        x
  D:0026H         SYMBOL        y
  D:0027H         SYMBOL        no
  -------         DO            
  D:0001H         SYMBOL        t
BL51 BANKED LINKER/LOCATER V6.22                                                      09/19/2025  02:20:29  PAGE 18


  D:0028H         SYMBOL        adder
  -------         ENDDO         
  C:4D3DH         LINE#         287
  C:4D43H         LINE#         288
  C:4D43H         LINE#         289
  C:4D46H         LINE#         290
  C:4D49H         LINE#         291
  C:4D4BH         LINE#         292
  C:4D4BH         LINE#         293
  C:4D5CH         LINE#         294
  C:4D5EH         LINE#         295
  C:4D62H         LINE#         296
  C:4D6BH         LINE#         297
  C:4D6DH         LINE#         298
  C:4D6DH         LINE#         299
  C:4D7EH         LINE#         300
  C:4D80H         LINE#         301
  C:4D84H         LINE#         302
  -------         ENDPROC       _OLED_SHOWCHINESE
  -------         PROC          _OLED_DRAWBMP
  D:0031H         SYMBOL        x0
  D:0005H         SYMBOL        y0
  D:0033H         SYMBOL        x1
  D:0034H         SYMBOL        y1
  D:0035H         SYMBOL        BMP
  -------         DO            
  D:0038H         SYMBOL        j
  D:003AH         SYMBOL        x
  D:003BH         SYMBOL        y
  -------         ENDDO         
  C:4AA7H         LINE#         309
  C:4AABH         LINE#         310
  C:4AABH         LINE#         311
  C:4AB0H         LINE#         314
  C:4AC1H         LINE#         315
  C:4ACBH         LINE#         316
  C:4AD4H         LINE#         317
  C:4AD4H         LINE#         318
  C:4ADBH         LINE#         319
  C:4AE5H         LINE#         320
  C:4AE5H         LINE#         321
  C:4B03H         LINE#         322
  C:4B07H         LINE#         323
  C:4B0BH         LINE#         324
  -------         ENDPROC       _OLED_DRAWBMP
  -------         PROC          _OLED_DRAWBMP1
  D:003CH         SYMBOL        x
  D:003DH         SYMBOL        y
  D:003EH         SYMBOL        sizex
  D:003FH         SYMBOL        sizey
  D:0040H         SYMBOL        BMP
  -------         DO            
  D:0043H         SYMBOL        j
  D:0045H         SYMBOL        i
  D:0046H         SYMBOL        m
  -------         ENDDO         
  C:49DAH         LINE#         330
BL51 BANKED LINKER/LOCATER V6.22                                                      09/19/2025  02:20:29  PAGE 19


  C:49E0H         LINE#         331
  C:49E0H         LINE#         332
  C:49E5H         LINE#         334
  C:49FDH         LINE#         335
  C:4A07H         LINE#         336
  C:4A07H         LINE#         337
  C:4A11H         LINE#         338
  C:4A1BH         LINE#         339
  C:4A1BH         LINE#         340
  C:4A39H         LINE#         341
  C:4A3DH         LINE#         342
  C:4A41H         LINE#         343
  -------         ENDPROC       _OLED_DRAWBMP1
  -------         PROC          OLED_INIT
  C:3E94H         LINE#         347
  C:3E94H         LINE#         348
  C:3E94H         LINE#         349
  C:3E96H         LINE#         350
  C:3E9DH         LINE#         351
  C:3E9FH         LINE#         353
  C:3EA6H         LINE#         354
  C:3EACH         LINE#         355
  C:3EB3H         LINE#         356
  C:3EBAH         LINE#         357
  C:3EC1H         LINE#         358
  C:3EC8H         LINE#         359
  C:3ECFH         LINE#         360
  C:3ED6H         LINE#         361
  C:3EDDH         LINE#         362
  C:3EE4H         LINE#         363
  C:3EEBH         LINE#         364
  C:3EF2H         LINE#         365
  C:3EF8H         LINE#         366
  C:3EFFH         LINE#         367
  C:3F06H         LINE#         368
  C:3F0DH         LINE#         369
  C:3F14H         LINE#         370
  C:3F1BH         LINE#         371
  C:3F22H         LINE#         372
  C:3F29H         LINE#         373
  C:3F30H         LINE#         374
  C:3F37H         LINE#         375
  C:3F3EH         LINE#         376
  C:3F45H         LINE#         377
  C:3F4CH         LINE#         378
  C:3F53H         LINE#         379
  C:3F5AH         LINE#         380
  C:3F5DH         LINE#         381
  -------         ENDPROC       OLED_INIT
  -------         ENDMOD        OLED

  -------         MODULE        TOMATOCLOCK8
  C:0000H         SYMBOL        _ICE_DUMMY_
  C:5281H         PUBLIC        beep_countdown_end
  D:0080H         PUBLIC        P0
  D:0090H         PUBLIC        P1
  D:00A0H         PUBLIC        P2
BL51 BANKED LINKER/LOCATER V6.22                                                      09/19/2025  02:20:29  PAGE 20


  D:00B0H         PUBLIC        P3
  D:00C0H         PUBLIC        P4
  D:00C8H         PUBLIC        P5
  D:00E8H         PUBLIC        P6
  D:00F8H         PUBLIC        P7
  C:3AA7H         PUBLIC        send_led_command
  C:5391H         PUBLIC        save_settings
  C:525BH         PUBLIC        timer_100ms_callback
  B:0021H.7       PUBLIC        music_paused
  C:5014H         PUBLIC        enter_setting_mode
  D:00A8H         PUBLIC        IE
  C:510CH         PUBLIC        stop_countdown
  C:2BF1H         PUBLIC        _handle_nav
  B:0022H.0       PUBLIC        blink_state
  D:00B8H         PUBLIC        IP
  X:026FH         PUBLIC        current_time
  C:2960H         PUBLIC        uart_rx_callback
  X:0272H         PUBLIC        current_song_index
  C:5311H         PUBLIC        _send_data_to_pc
  D:00D8H         PUBLIC        CCON
  C:3CADH         PUBLIC        main
  C:4C5DH         PUBLIC        enter_led_control_mode
  C:54AFH         PUBLIC        exit_setting_mode
  C:5499H         PUBLIC        beep_error
  C:398FH         PUBLIC        SysClock
  X:0273H         PUBLIC        time
  D:0098H         PUBLIC        SCON
  D:0088H         PUBLIC        TCON
  X:027AH         PUBLIC        data_buf
  C:4029H         PUBLIC        timer_1s_callback
  C:555EH         PUBLIC        exit_led_control_mode
  C:4E9CH         PUBLIC        Rop_callback
  X:027FH         PUBLIC        ir_tx_buf
  X:0284H         PUBLIC        countdown_active
  C:3510H         PUBLIC        handle_key1
  C:423CH         PUBLIC        handle_key2
  B:0022H.1       PUBLIC        countdown_paused
  C:4B64H         PUBLIC        update_countdown
  X:0285H         PUBLIC        inactivity_timer
  C:3993H         PUBLIC        decode_table
  X:0286H         PUBLIC        cursor_pos
  C:399FH         PUBLIC        nav_callback
  X:0287H         PUBLIC        uart1_rx_buf
  C:3893H         PUBLIC        guanshan
  C:52A7H         PUBLIC        key_callback
  X:028CH         PUBLIC        time_set
  C:2FABH         PUBLIC        update_display
  X:028FH         PUBLIC        led_selection
  C:4CF4H         PUBLIC        send_tomato_command
  C:556CH         PUBLIC        beep_confirm
  X:0290H         PUBLIC        function_mode
  X:0291H         PUBLIC        blink_counter
  C:4386H         PUBLIC        update_led_display
  C:32A5H         PUBLIC        load_settings
  C:4DCCH         PUBLIC        start_countdown
  D:00D0H         PUBLIC        PSW
  B:0022H.2       PUBLIC        music_playing
BL51 BANKED LINKER/LOCATER V6.22                                                      09/19/2025  02:20:29  PAGE 21


  B:0022H.3       PUBLIC        led_control_active
  -------         PROC          _SEND_DATA_TO_PC
  D:0007H         SYMBOL        cmd
  D:0005H         SYMBOL        d1
  D:0003H         SYMBOL        d2
  D:0027H         SYMBOL        d3
  D:0028H         SYMBOL        d4
  C:5311H         LINE#         113
  C:5311H         LINE#         114
  C:5311H         LINE#         116
  C:5316H         LINE#         117
  C:5319H         LINE#         118
  C:531CH         LINE#         119
  C:5320H         LINE#         120
  C:5324H         LINE#         121
  -------         ENDPROC       _SEND_DATA_TO_PC
  -------         PROC          ROP_CALLBACK
  C:4E9CH         LINE#         124
  C:4E9CH         LINE#         125
  C:4EB2H         LINE#         126
  C:4EBCH         LINE#         127
  C:4ED2H         LINE#         128
  C:4EDDH         LINE#         129
  C:4EDDH         LINE#         130
  -------         ENDPROC       ROP_CALLBACK
  -------         PROC          UART_RX_CALLBACK
  -------         DO            
  D:0023H         SYMBOL        received_cmd
  -------         ENDDO         
  C:2960H         LINE#         133
  C:2960H         LINE#         134
  C:2960H         LINE#         137
  C:2966H         LINE#         140
  C:296BH         LINE#         141
  C:296BH         LINE#         144
  C:2976H         LINE#         145
  C:297DH         LINE#         146
  C:2988H         LINE#         147
  C:2993H         LINE#         148
  C:2993H         LINE#         151
  C:2996H         LINE#         153
  C:2996H         LINE#         154
  C:2996H         LINE#         155
  C:299FH         LINE#         156
  C:29A9H         LINE#         157
  C:29B0H         LINE#         158
  C:29BBH         LINE#         159
  C:29C7H         LINE#         160
  C:29CAH         LINE#         161
  C:29D3H         LINE#         162
  C:29DCH         LINE#         163
  C:29E5H         LINE#         164
  C:29EEH         LINE#         165
  C:29F7H         LINE#         166
  C:2A00H         LINE#         167
  C:2A09H         LINE#         168
  C:2A12H         LINE#         169
BL51 BANKED LINKER/LOCATER V6.22                                                      09/19/2025  02:20:29  PAGE 22


  C:2A1BH         LINE#         170
  C:2A24H         LINE#         171
  C:2A32H         LINE#         172
  C:2A6AH         LINE#         174
  C:2A6DH         LINE#         175
  C:2A78H         LINE#         176
  C:2A7BH         LINE#         177
  C:2A84H         LINE#         178
  C:2A8DH         LINE#         179
  C:2A96H         LINE#         180
  C:2A9FH         LINE#         181
  C:2AA8H         LINE#         182
  C:2AB1H         LINE#         183
  C:2ABAH         LINE#         184
  C:2AC3H         LINE#         185
  C:2ACCH         LINE#         186
  C:2ADAH         LINE#         187
  C:2AE3H         LINE#         188
  C:2AEEH         LINE#         189
  C:2AF9H         LINE#         190
  C:2B0EH         LINE#         191
  C:2B23H         LINE#         192
  C:2B37H         LINE#         193
  C:2B59H         LINE#         194
  C:2B81H         LINE#         195
  C:2BAEH         LINE#         196
  C:2BBEH         LINE#         197
  C:2BF0H         LINE#         198
  C:2BF0H         LINE#         199
  C:2BF0H         LINE#         204
  -------         ENDPROC       UART_RX_CALLBACK
  -------         PROC          KEY_CALLBACK
  -------         DO            
  X:02E5H         SYMBOL        key_act
  -------         ENDDO         
  C:52A7H         LINE#         207
  C:52A7H         LINE#         209
  C:52ACH         LINE#         211
  C:52B5H         LINE#         212
  C:52B8H         LINE#         213
  C:52BBH         LINE#         214
  C:52BBH         LINE#         216
  C:52C5H         LINE#         217
  C:52C8H         LINE#         218
  C:52CBH         LINE#         219
  C:52CBH         LINE#         220
  -------         ENDPROC       KEY_CALLBACK
  -------         PROC          NAV_CALLBACK
  -------         DO            
  X:02E5H         SYMBOL        act
  -------         ENDDO         
  C:399FH         LINE#         223
  C:399FH         LINE#         225
  C:39A4H         LINE#         227
  C:39AEH         LINE#         228
  C:39B2H         LINE#         229
  C:39B8H         LINE#         231
BL51 BANKED LINKER/LOCATER V6.22                                                      09/19/2025  02:20:29  PAGE 23


  C:39BBH         LINE#         232
  C:39BEH         LINE#         233
  C:39C3H         LINE#         234
  C:39C3H         LINE#         235
  C:39C3H         LINE#         236
  C:39C3H         LINE#         237
  C:39C3H         LINE#         238
  C:39C3H         LINE#         239
  C:39C3H         LINE#         240
  C:39C3H         LINE#         241
  C:39C3H         LINE#         242
  C:39C3H         LINE#         243
  C:39C3H         LINE#         244
  C:39C5H         LINE#         246
  C:39DBH         LINE#         247
  C:39E0H         LINE#         248
  C:39E2H         LINE#         249
  C:39E4H         LINE#         250
  C:39E7H         LINE#         251
  C:39EAH         LINE#         252
  C:39F3H         LINE#         253
  C:39FCH         LINE#         254
  C:3A05H         LINE#         255
  C:3A0EH         LINE#         256
  C:3A17H         LINE#         257
  C:3A20H         LINE#         258
  C:3A20H         LINE#         259
  C:3A22H         LINE#         260
  C:3A27H         LINE#         261
  C:3A27H         LINE#         262
  C:3A27H         LINE#         264
  C:3A31H         LINE#         265
  C:3A35H         LINE#         266
  C:3A3BH         LINE#         268
  C:3A41H         LINE#         269
  C:3A46H         LINE#         270
  C:3A48H         LINE#         271
  C:3A4BH         LINE#         272
  C:3A4EH         LINE#         273
  C:3A57H         LINE#         274
  C:3A60H         LINE#         275
  C:3A69H         LINE#         276
  C:3A69H         LINE#         277
  C:3A6BH         LINE#         278
  C:3A70H         LINE#         279
  C:3A70H         LINE#         280
  C:3A70H         LINE#         282
  C:3A7AH         LINE#         283
  C:3A7DH         LINE#         284
  C:3A7DH         LINE#         285
  C:3A82H         LINE#         286
  C:3A82H         LINE#         289
  C:3A8CH         LINE#         290
  C:3A8FH         LINE#         292
  C:3A94H         LINE#         294
  C:3A94H         LINE#         296
  C:3A9EH         LINE#         297
BL51 BANKED LINKER/LOCATER V6.22                                                      09/19/2025  02:20:29  PAGE 24


  C:3AA6H         LINE#         298
  -------         ENDPROC       NAV_CALLBACK
  -------         PROC          ENTER_LED_CONTROL_MODE
  C:4C5DH         LINE#         300
  C:4C5DH         LINE#         301
  C:4C63H         LINE#         302
  C:4C65H         LINE#         303
  C:4C6AH         LINE#         304
  C:4C6FH         LINE#         305
  C:4C72H         LINE#         306
  C:4C75H         LINE#         308
  C:4C78H         LINE#         309
  C:4C84H         LINE#         310
  C:4C90H         LINE#         311
  C:4C99H         LINE#         312
  C:4CA2H         LINE#         313
  -------         ENDPROC       ENTER_LED_CONTROL_MODE
  -------         PROC          EXIT_LED_CONTROL_MODE
  C:555EH         LINE#         316
  C:555EH         LINE#         317
  C:5563H         LINE#         318
  C:5565H         LINE#         319
  C:5569H         LINE#         321
  -------         ENDPROC       EXIT_LED_CONTROL_MODE
  -------         PROC          UPDATE_LED_DISPLAY
  -------         DO            
  X:02EEH         SYMBOL        disp_buf
  D:0007H         SYMBOL        i
  -------         ENDDO         
  C:4386H         LINE#         324
  C:4386H         LINE#         327
  C:4388H         LINE#         328
  C:43A6H         LINE#         329
  C:43AAH         LINE#         330
  C:43B2H         LINE#         331
  C:43B5H         LINE#         332
  C:43BEH         LINE#         333
  C:43C7H         LINE#         334
  C:43D0H         LINE#         335
  C:43D4H         LINE#         336
  C:43DCH         LINE#         337
  C:43DFH         LINE#         338
  C:43E8H         LINE#         339
  C:43F1H         LINE#         340
  C:43FAH         LINE#         341
  C:4403H         LINE#         343
  -------         ENDPROC       UPDATE_LED_DISPLAY
  -------         PROC          SEND_LED_COMMAND
  C:3AA7H         LINE#         347
  C:3AA7H         LINE#         348
  C:3AADH         LINE#         349
  C:3AB5H         LINE#         350
  C:3AB8H         LINE#         351
  C:3ABAH         LINE#         352
  C:3ABCH         LINE#         354
  C:3ACCH         LINE#         355
  C:3ACFH         LINE#         356
BL51 BANKED LINKER/LOCATER V6.22                                                      09/19/2025  02:20:29  PAGE 25


  C:3AD2H         LINE#         357
  C:3ADBH         LINE#         358
  C:3AE4H         LINE#         359
  C:3AEDH         LINE#         360
  C:3AF6H         LINE#         361
  C:3AFFH         LINE#         362
  C:3B08H         LINE#         363
  C:3B11H         LINE#         364
  C:3B1AH         LINE#         365
  C:3B23H         LINE#         366
  C:3B2AH         LINE#         367
  C:3B2CH         LINE#         368
  C:3B2FH         LINE#         369
  C:3B2FH         LINE#         370
  C:3B3FH         LINE#         371
  C:3B42H         LINE#         372
  C:3B45H         LINE#         373
  C:3B4EH         LINE#         374
  C:3B57H         LINE#         375
  C:3B60H         LINE#         376
  C:3B69H         LINE#         377
  C:3B72H         LINE#         378
  C:3B7BH         LINE#         379
  C:3B84H         LINE#         380
  C:3B8DH         LINE#         381
  C:3B96H         LINE#         382
  C:3B9DH         LINE#         383
  C:3B9FH         LINE#         384
  C:3BA2H         LINE#         385
  C:3BA2H         LINE#         386
  -------         ENDPROC       SEND_LED_COMMAND
  -------         PROC          TIMER_1S_CALLBACK
  C:4029H         LINE#         389
  C:4029H         LINE#         390
  C:4039H         LINE#         391
  C:403CH         LINE#         392
  C:403CH         LINE#         394
  C:4050H         LINE#         395
  C:4053H         LINE#         396
  C:4056H         LINE#         397
  C:4059H         LINE#         398
  C:4062H         LINE#         399
  C:406BH         LINE#         400
  C:4074H         LINE#         401
  C:407DH         LINE#         402
  C:4086H         LINE#         403
  C:408FH         LINE#         404
  C:4098H         LINE#         405
  C:40A1H         LINE#         406
  C:40A1H         LINE#         407
  C:40ACH         LINE#         408
  C:40AEH         LINE#         409
  C:40B0H         LINE#         410
  C:40B3H         LINE#         411
  C:40BCH         LINE#         412
  C:40C5H         LINE#         413
  C:40CEH         LINE#         414
BL51 BANKED LINKER/LOCATER V6.22                                                      09/19/2025  02:20:29  PAGE 26


  C:40D7H         LINE#         415
  C:40E0H         LINE#         416
  C:40E9H         LINE#         417
  C:40E9H         LINE#         418
  -------         ENDPROC       TIMER_1S_CALLBACK
  -------         PROC          TIMER_100MS_CALLBACK
  C:525BH         LINE#         421
  C:525BH         LINE#         422
  C:5262H         LINE#         423
  C:5266H         LINE#         424
  C:526CH         LINE#         425
  C:526EH         LINE#         426
  C:5270H         LINE#         427
  C:5273H         LINE#         428
  C:5273H         LINE#         429
  C:5273H         LINE#         431
  C:527AH         LINE#         432
  C:5280H         LINE#         433
  C:5280H         LINE#         435
  C:5280H         LINE#         436
  C:5280H         LINE#         437
  -------         ENDPROC       TIMER_100MS_CALLBACK
  -------         PROC          UPDATE_DISPLAY
  -------         DO            
  X:02E6H         SYMBOL        disp_buf
  -------         ENDDO         
  C:2FABH         LINE#         439
  C:2FABH         LINE#         442
  C:2FB2H         LINE#         443
  C:2FBFH         LINE#         444
  C:2FC8H         LINE#         445
  C:2FCCH         LINE#         446
  C:2FD9H         LINE#         447
  C:2FE2H         LINE#         448
  C:2FE6H         LINE#         449
  C:2FE9H         LINE#         450
  C:2FE9H         LINE#         451
  C:2FECH         LINE#         452
  C:2FF4H         LINE#         453
  C:300FH         LINE#         454
  C:302BH         LINE#         455
  C:302FH         LINE#         456
  C:304CH         LINE#         457
  C:306AH         LINE#         458
  C:306EH         LINE#         459
  C:308BH         LINE#         460
  C:30A9H         LINE#         461
  C:30ABH         LINE#         462
  C:30B4H         LINE#         463
  C:30C1H         LINE#         464
  C:30CAH         LINE#         465
  C:30CEH         LINE#         466
  C:30DBH         LINE#         467
  C:30E4H         LINE#         468
  C:30E8H         LINE#         469
  C:30F5H         LINE#         470
  C:30FEH         LINE#         471
BL51 BANKED LINKER/LOCATER V6.22                                                      09/19/2025  02:20:29  PAGE 27


  C:3100H         LINE#         472
  C:3104H         LINE#         473
  C:3107H         LINE#         475
  C:3107H         LINE#         477
  C:3129H         LINE#         479
  -------         ENDPROC       UPDATE_DISPLAY
  -------         PROC          HANDLE_KEY1
  C:3510H         LINE#         482
  C:3510H         LINE#         484
  C:3524H         LINE#         486
  C:3527H         LINE#         488
  C:352AH         LINE#         489
  C:352AH         LINE#         490
  C:352AH         LINE#         491
  C:352AH         LINE#         492
  C:352AH         LINE#         493
  C:352AH         LINE#         494
  C:352AH         LINE#         495
  C:352AH         LINE#         496
  C:352AH         LINE#         497
  C:352AH         LINE#         498
  C:352AH         LINE#         499
  C:352AH         LINE#         500
  C:352AH         LINE#         501
  C:352AH         LINE#         502
  C:352CH         LINE#         503
  C:3537H         LINE#         505
  C:3540H         LINE#         507
  C:3543H         LINE#         508
  C:354BH         LINE#         509
  C:3553H         LINE#         510
  C:355BH         LINE#         511
  C:355EH         LINE#         512
  C:356AH         LINE#         514
  C:356CH         LINE#         515
  C:3571H         LINE#         516
  C:3574H         LINE#         517
  C:3577H         LINE#         518
  C:3580H         LINE#         519
  C:3589H         LINE#         520
  C:3592H         LINE#         521
  C:359BH         LINE#         522
  C:35A4H         LINE#         523
  C:35A7H         LINE#         524
  C:35B0H         LINE#         525
  C:35B9H         LINE#         526
  C:35C2H         LINE#         527
  C:35CBH         LINE#         528
  C:35D4H         LINE#         529
  C:35DAH         LINE#         530
  C:35DCH         LINE#         532
  C:35DFH         LINE#         533
  C:35E7H         LINE#         534
  C:35EFH         LINE#         535
  C:35F7H         LINE#         536
  C:35FAH         LINE#         537
  C:3606H         LINE#         539
BL51 BANKED LINKER/LOCATER V6.22                                                      09/19/2025  02:20:29  PAGE 28


  C:3608H         LINE#         540
  C:360DH         LINE#         541
  C:3610H         LINE#         542
  C:3613H         LINE#         543
  C:361CH         LINE#         544
  C:3625H         LINE#         545
  C:362EH         LINE#         546
  C:3637H         LINE#         547
  C:3640H         LINE#         548
  C:3640H         LINE#         549
  C:3640H         LINE#         550
  -------         ENDPROC       HANDLE_KEY1
  -------         PROC          HANDLE_KEY2
  C:423CH         LINE#         552
  C:423CH         LINE#         553
  C:4243H         LINE#         554
  C:4246H         LINE#         556
  C:4246H         LINE#         558
  C:424EH         LINE#         559
  C:4251H         LINE#         560
  C:4254H         LINE#         561
  C:4257H         LINE#         562
  C:4260H         LINE#         563
  C:4269H         LINE#         564
  C:4272H         LINE#         565
  C:4274H         LINE#         566
  C:4276H         LINE#         567
  C:427CH         LINE#         568
  C:427FH         LINE#         569
  C:4282H         LINE#         570
  C:428BH         LINE#         571
  C:4294H         LINE#         572
  C:429DH         LINE#         573
  C:42A6H         LINE#         574
  C:42ACH         LINE#         575
  C:42AEH         LINE#         576
  C:42B6H         LINE#         577
  C:42B9H         LINE#         578
  C:42BCH         LINE#         579
  C:42C5H         LINE#         580
  C:42CEH         LINE#         581
  C:42D7H         LINE#         582
  C:42E0H         LINE#         583
  C:42E0H         LINE#         584
  -------         ENDPROC       HANDLE_KEY2
  -------         PROC          _HANDLE_NAV
  D:0023H         SYMBOL        nav_key
  C:2BF1H         LINE#         586
  C:2BF3H         LINE#         587
  C:2BFEH         LINE#         588
  C:2C1CH         LINE#         589
  C:2C1CH         LINE#         590
  C:2C2FH         LINE#         591
  C:2C32H         LINE#         592
  C:2C3BH         LINE#         593
  C:2C44H         LINE#         594
  C:2C4DH         LINE#         595
BL51 BANKED LINKER/LOCATER V6.22                                                      09/19/2025  02:20:29  PAGE 29


  C:2C56H         LINE#         597
  C:2C60H         LINE#         598
  C:2C6BH         LINE#         599
  C:2C7BH         LINE#         600
  C:2C7BH         LINE#         601
  C:2C7EH         LINE#         602
  C:2C7EH         LINE#         603
  C:2C91H         LINE#         604
  C:2C94H         LINE#         605
  C:2C9DH         LINE#         606
  C:2CA6H         LINE#         607
  C:2CAFH         LINE#         608
  C:2CB8H         LINE#         610
  C:2CC2H         LINE#         611
  C:2CCDH         LINE#         612
  C:2CDDH         LINE#         613
  C:2CDDH         LINE#         614
  C:2CE0H         LINE#         615
  C:2CE0H         LINE#         616
  C:2CF1H         LINE#         617
  C:2CFFH         LINE#         618
  C:2D20H         LINE#         619
  C:2D2CH         LINE#         620
  C:2D2CH         LINE#         621
  C:2D2CH         LINE#         622
  C:2D2EH         LINE#         623
  C:2D2EH         LINE#         624
  C:2D3FH         LINE#         625
  C:2D4AH         LINE#         626
  C:2D5AH         LINE#         627
  C:2D5CH         LINE#         628
  C:2D6CH         LINE#         629
  C:2D6CH         LINE#         630
  C:2D6FH         LINE#         631
  C:2D71H         LINE#         632
  C:2D71H         LINE#         633
  C:2D74H         LINE#         634
  C:2D74H         LINE#         635
  C:2D74H         LINE#         636
  C:2D88H         LINE#         637
  C:2D8BH         LINE#         638
  C:2D8BH         LINE#         639
  C:2D93H         LINE#         640
  C:2DA0H         LINE#         641
  C:2DA0H         LINE#         642
  C:2DB5H         LINE#         643
  C:2DC2H         LINE#         644
  C:2DC2H         LINE#         645
  C:2DC2H         LINE#         646
  C:2DC4H         LINE#         647
  C:2DC4H         LINE#         648
  C:2DCCH         LINE#         649
  C:2DDDH         LINE#         650
  C:2DE0H         LINE#         651
  C:2DE3H         LINE#         652
  C:2DE3H         LINE#         653
  C:2DE3H         LINE#         654
BL51 BANKED LINKER/LOCATER V6.22                                                      09/19/2025  02:20:29  PAGE 30


  C:2DE6H         LINE#         655
  C:2DE9H         LINE#         656
  C:2DE9H         LINE#         657
  C:2DE9H         LINE#         658
  C:2DE9H         LINE#         659
  C:2DE9H         LINE#         660
  C:2DE9H         LINE#         661
  C:2DEFH         LINE#         662
  C:2DF4H         LINE#         663
  C:2DF7H         LINE#         664
  C:2DF7H         LINE#         665
  C:2DF7H         LINE#         666
  -------         ENDPROC       _HANDLE_NAV
  -------         PROC          ENTER_SETTING_MODE
  C:5014H         LINE#         668
  C:5014H         LINE#         669
  C:501AH         LINE#         670
  C:501FH         LINE#         671
  C:5021H         LINE#         672
  C:5026H         LINE#         673
  C:502AH         LINE#         674
  C:502FH         LINE#         675
  C:5032H         LINE#         676
  C:5035H         LINE#         677
  -------         ENDPROC       ENTER_SETTING_MODE
  -------         PROC          EXIT_SETTING_MODE
  C:54AFH         LINE#         680
  C:54AFH         LINE#         681
  C:54B4H         LINE#         682
  C:54B7H         LINE#         683
  C:54BCH         LINE#         684
  C:54BFH         LINE#         685
  -------         ENDPROC       EXIT_SETTING_MODE
  -------         PROC          START_COUNTDOWN
  C:4DCCH         LINE#         688
  C:4DCCH         LINE#         689
  C:4DD4H         LINE#         690
  C:4DDCH         LINE#         691
  C:4DE4H         LINE#         693
  C:4DEAH         LINE#         694
  C:4DEFH         LINE#         695
  C:4DF1H         LINE#         697
  C:4DF4H         LINE#         698
  C:4E07H         LINE#         700
  C:4E0CH         LINE#         701
  C:4E0FH         LINE#         702
  -------         ENDPROC       START_COUNTDOWN
  -------         PROC          UPDATE_COUNTDOWN
  C:4B64H         LINE#         705
  C:4B64H         LINE#         706
  C:4B6DH         LINE#         707
  C:4B70H         LINE#         708
  C:4B72H         LINE#         709
  C:4B7BH         LINE#         710
  C:4B7EH         LINE#         711
  C:4B82H         LINE#         712
  C:4B84H         LINE#         713
BL51 BANKED LINKER/LOCATER V6.22                                                      09/19/2025  02:20:29  PAGE 31


  C:4B8DH         LINE#         714
  C:4B90H         LINE#         715
  C:4B94H         LINE#         716
  C:4B96H         LINE#         717
  C:4B96H         LINE#         718
  C:4B96H         LINE#         719
  C:4B96H         LINE#         720
  C:4B99H         LINE#         722
  C:4BACH         LINE#         723
  C:4BB7H         LINE#         724
  C:4BB7H         LINE#         725
  -------         ENDPROC       UPDATE_COUNTDOWN
  -------         PROC          STOP_COUNTDOWN
  C:510CH         LINE#         727
  C:510CH         LINE#         728
  C:5111H         LINE#         729
  C:5115H         LINE#         730
  C:5117H         LINE#         732
  C:511CH         LINE#         733
  C:5126H         LINE#         734
  C:5132H         LINE#         736
  C:5137H         LINE#         737
  -------         ENDPROC       STOP_COUNTDOWN
  -------         PROC          SEND_TOMATO_COMMAND
  C:4CF4H         LINE#         740
  C:4CF4H         LINE#         741
  C:4CFAH         LINE#         742
  C:4D02H         LINE#         743
  C:4D0AH         LINE#         744
  C:4D12H         LINE#         745
  C:4D15H         LINE#         747
  C:4D23H         LINE#         748
  C:4D2EH         LINE#         749
  C:4D39H         LINE#         750
  C:4D39H         LINE#         751
  C:4D3CH         LINE#         752
  C:4D3CH         LINE#         753
  -------         ENDPROC       SEND_TOMATO_COMMAND
  -------         PROC          SAVE_SETTINGS
  C:5391H         LINE#         755
  C:5391H         LINE#         756
  C:539BH         LINE#         757
  C:53A5H         LINE#         758
  -------         ENDPROC       SAVE_SETTINGS
  -------         PROC          LOAD_SETTINGS
  -------         DO            
  D:0023H         SYMBOL        hour
  D:0024H         SYMBOL        minute
  D:0007H         SYMBOL        second
  -------         ENDDO         
  C:32A5H         LINE#         761
  C:32A5H         LINE#         762
  C:32ACH         LINE#         763
  C:32B3H         LINE#         764
  C:32B8H         LINE#         766
  C:32CAH         LINE#         767
  C:32D0H         LINE#         768
BL51 BANKED LINKER/LOCATER V6.22                                                      09/19/2025  02:20:29  PAGE 32


  C:32D4H         LINE#         769
  C:32D7H         LINE#         770
  C:32D7H         LINE#         773
  C:32E0H         LINE#         774
  C:32E9H         LINE#         775
  C:32F2H         LINE#         776
  C:32FBH         LINE#         777
  C:3302H         LINE#         778
  C:3305H         LINE#         779
  C:330EH         LINE#         780
  C:3317H         LINE#         781
  C:3320H         LINE#         782
  C:3329H         LINE#         783
  C:3332H         LINE#         784
  C:333BH         LINE#         785
  C:3344H         LINE#         786
  C:334DH         LINE#         787
  C:3356H         LINE#         788
  C:335FH         LINE#         789
  C:3368H         LINE#         790
  C:336FH         LINE#         791
  C:3372H         LINE#         792
  C:337BH         LINE#         793
  C:3384H         LINE#         794
  C:338DH         LINE#         795
  C:3396H         LINE#         796
  C:339FH         LINE#         797
  C:33A8H         LINE#         798
  C:33B1H         LINE#         799
  C:33BAH         LINE#         800
  C:33C3H         LINE#         801
  C:33CCH         LINE#         802
  C:33D5H         LINE#         803
  -------         ENDPROC       LOAD_SETTINGS
  -------         PROC          BEEP_CONFIRM
  C:556CH         LINE#         806
  C:556CH         LINE#         807
  -------         ENDPROC       BEEP_CONFIRM
  -------         PROC          BEEP_ERROR
  C:5499H         LINE#         810
  C:5499H         LINE#         811
  C:54A4H         LINE#         812
  -------         ENDPROC       BEEP_ERROR
  -------         PROC          BEEP_COUNTDOWN_END
  C:5281H         LINE#         815
  C:5281H         LINE#         816
  C:528CH         LINE#         817
  C:5297H         LINE#         818
  C:52A2H         LINE#         819
  -------         ENDPROC       BEEP_COUNTDOWN_END
  -------         PROC          MAIN
  C:3CADH         LINE#         822
  C:3CADH         LINE#         824
  C:3CBDH         LINE#         825
  C:3CCEH         LINE#         826
  C:3CE2H         LINE#         830
  C:3CEDH         LINE#         831
BL51 BANKED LINKER/LOCATER V6.22                                                      09/19/2025  02:20:29  PAGE 33


  C:3CF0H         LINE#         832
  C:3CF3H         LINE#         833
  C:3CF6H         LINE#         834
  C:3CF9H         LINE#         835
  C:3CFEH         LINE#         836
  C:3D03H         LINE#         837
  C:3D06H         LINE#         838
  C:3D09H         LINE#         841
  C:3D0CH         LINE#         844
  C:3D17H         LINE#         845
  C:3D22H         LINE#         846
  C:3D2DH         LINE#         847
  C:3D38H         LINE#         848
  C:3D43H         LINE#         849
  C:3D4EH         LINE#         854
  C:3D6AH         LINE#         855
  C:3D75H         LINE#         858
  C:3D78H         LINE#         861
  C:3D7BH         LINE#         862
  C:3D80H         LINE#         865
  C:3D87H         LINE#         866
  C:3D94H         LINE#         867
  C:3D97H         LINE#         868
  C:3D9EH         LINE#         869
  C:3D9EH         LINE#         870
  C:3DA1H         LINE#         871
  -------         ENDPROC       MAIN
  -------         ENDMOD        TOMATOCLOCK8

  -------         MODULE        ADC
  C:0000H         SYMBOL        _ICE_DUMMY_
  D:0080H         PUBLIC        P0
  D:0090H         PUBLIC        P1
  D:00A0H         PUBLIC        P2
  C:5513H         PUBLIC        _?sys_get_KNEvent
  X:0294H         PUBLIC        sys_EXTADCEvent
  D:00B0H         PUBLIC        P3
  D:00C0H         PUBLIC        P4
  D:00C8H         PUBLIC        P5
  D:00E8H         PUBLIC        P6
  D:00F8H         PUBLIC        P7
  B:00A8H.5       PUBLIC        EADC
  D:00A8H         PUBLIC        IE
  D:00BDH         PUBLIC        ADC_RES
  D:00B8H         PUBLIC        IP
  D:0097H         PUBLIC        CLK_DIV
  C:5049H         PUBLIC        _AdcInit
  D:00D8H         PUBLIC        CCON
  C:5522H         PUBLIC        _?sys_get_EXTADCEvent
  X:0295H         PUBLIC        AD_res
  D:00BCH         PUBLIC        ADC_CONTR
  D:0098H         PUBLIC        SCON
  D:0088H         PUBLIC        TCON
  C:2DF8H         PUBLIC        _?sys_ADC_drv
  B:0022H.5       PUBLIC        flag_ADC
  X:029FH         PUBLIC        sys_KN
  D:009DH         PUBLIC        P1ASF
BL51 BANKED LINKER/LOCATER V6.22                                                      09/19/2025  02:20:29  PAGE 34


  X:02B1H         PUBLIC        sys_KNEvent
  D:00BEH         PUBLIC        ADC_RESL
  C:0003H         PUBLIC        GetADC
  C:4E12H         PUBLIC        _GetAdcNavAct
  C:55D0H         PUBLIC        ADC_isr
  D:00D0H         PUBLIC        PSW
  -------         PROC          ADC_ISR
  C:55D0H         LINE#         26
  C:55D0H         LINE#         27
  C:55D3H         LINE#         28
  C:55D5H         LINE#         29
[...]
  C:5463H         LINE#         78
  C:5467H         LINE#         79
  C:5467H         LINE#         80
  -------         ENDPROC       DS1302READBYTE
  -------         PROC          L?0042
  -------         ENDPROC       L?0042
  -------         PROC          _DS1302READ
  D:0007H         SYMBOL        cmd
  -------         DO            
  D:0007H         SYMBOL        dat
  -------         ENDDO         
  C:514DH         LINE#         82
  C:514DH         LINE#         83
  C:514DH         LINE#         85
  C:514FH         LINE#         86
  C:5150H         LINE#         87
  C:5151H         LINE#         88
  C:5152H         LINE#         89
  C:5154H         LINE#         90
  C:5155H         LINE#         91
  C:5156H         LINE#         92
  C:5157H         LINE#         93
  C:5159H         LINE#         94
  C:515AH         LINE#         95
  C:515DH         LINE#         96
  C:5160H         LINE#         97
  C:5162H         LINE#         98
  C:5163H         LINE#         99
  C:5164H         LINE#         100
  C:5165H         LINE#         101
  C:5167H         LINE#         102
  C:5167H         LINE#         103
  -------         ENDPROC       _DS1302READ
  -------         PROC          L?0043
  -------         ENDPROC       L?0043
  -------         PROC          _DS1302WRITE
  D:0007H         SYMBOL        cmd
  D:0005H         SYMBOL        dat
  C:5374H         LINE#         105
  C:5374H         LINE#         106
  C:5376H         LINE#         107
  C:5377H         LINE#         108
  C:5378H         LINE#         109
  C:5379H         LINE#         110
  C:537BH         LINE#         111
  C:537CH         LINE#         112
  C:537DH         LINE#         113
  C:537EH         LINE#         114
  C:5380H         LINE#         115
  C:5381H         LINE#         116
BL51 BANKED LINKER/LOCATER V6.22                                                      09/19/2025  02:20:29  PAGE 53


  C:5384H         LINE#         117
  C:5389H         LINE#         118
  C:538BH         LINE#         119
  C:538CH         LINE#         120
  C:538DH         LINE#         121
  C:538EH         LINE#         122
  C:5390H         LINE#         123
  -------         ENDPROC       _DS1302WRITE
  -------         PROC          RTC_READ
  C:55C9H         LINE#         125
  C:55C9H         LINE#         126
  C:55CFH         LINE#         127
  -------         ENDPROC       RTC_READ
  -------         PROC          RTC_WRITE
  D:002AH         SYMBOL        t
  C:5468H         LINE#         129
  C:5468H         LINE#         130
  C:547BH         LINE#         131
  C:5480H         LINE#         132
  -------         ENDPROC       RTC_WRITE
  -------         PROC          _NVM_READ
  D:0007H         SYMBOL        NVM_addr
  C:54C2H         LINE#         134
  C:54C2H         LINE#         135
  C:54D1H         LINE#         136
  C:54D3H         LINE#         137
  -------         ENDPROC       _NVM_READ
  -------         PROC          _NVM_WRITE
  D:0004H         SYMBOL        NVM_addr
  D:0003H         SYMBOL        NVM_data
  C:5193H         LINE#         139
  C:5197H         LINE#         140
  C:519DH         LINE#         141
  C:51A4H         LINE#         142
  C:51AFH         LINE#         143
  C:51B6H         LINE#         144
  C:51B9H         LINE#         145
  C:51B9H         LINE#         146
  C:51BBH         LINE#         147
  -------         ENDPROC       _NVM_WRITE
  -------         PROC          _?SYS_DS1302_DRV
  -------         DO            
  X:0311H         SYMBOL        count100mS
  i:0000H         SYMBOL        a
  -------         ENDDO         
  C:42E1H         LINE#         149
  C:42E3H         LINE#         152
  C:42E9H         LINE#         153
  C:42F2H         LINE#         154
  C:42FCH         LINE#         155
  C:4300H         LINE#         156
  C:4309H         LINE#         157
  C:430EH         LINE#         158
  C:4311H         LINE#         159
  C:4311H         LINE#         160
  C:4311H         LINE#         161
  C:4317H         LINE#         162
BL51 BANKED LINKER/LOCATER V6.22                                                      09/19/2025  02:20:29  PAGE 54


  C:4321H         LINE#         163
  C:432BH         LINE#         164
  C:432BH         LINE#         165
  C:432BH         LINE#         166
  C:432DH         LINE#         167
  C:433AH         LINE#         168
  C:433CH         LINE#         169
  C:4341H         LINE#         170
  C:4348H         LINE#         171
  C:4352H         LINE#         172
  C:4357H         LINE#         173
  C:435CH         LINE#         174
  C:4364H         LINE#         175
  C:436CH         LINE#         176
  C:4374H         LINE#         177
  C:437CH         LINE#         178
  C:4383H         LINE#         179
  C:4383H         LINE#         180
  -------         ENDPROC       _?SYS_DS1302_DRV
  -------         PROC          DS1302INIT
  D:0023H         SYMBOL        t
  C:3BAFH         LINE#         182
  C:3BAFH         LINE#         183
  C:3BAFH         LINE#         184
  C:3BB9H         LINE#         185
  C:3BC0H         LINE#         186
  C:3BC0H         LINE#         187
  C:3BC0H         LINE#         188
  C:3BC6H         LINE#         189
  C:3BCEH         LINE#         190
  C:3BD6H         LINE#         192
  C:3BDDH         LINE#         194
  C:3C60H         LINE#         202
  C:3C76H         LINE#         203
  C:3C7DH         LINE#         204
  C:3C90H         LINE#         205
  C:3C90H         LINE#         206
  C:3C97H         LINE#         207
  C:3C9EH         LINE#         208
  C:3CACH         LINE#         209
  -------         ENDPROC       DS1302INIT
  -------         ENDMOD        DS1302

  -------         MODULE        IR
  C:0000H         SYMBOL        _ICE_DUMMY_
  D:0080H         PUBLIC        P0
  D:00B2H         PUBLIC        P3M0
  D:0090H         PUBLIC        P1
  D:00B1H         PUBLIC        P3M1
  D:00A0H         PUBLIC        P2
  D:00B0H         PUBLIC        P3
  D:00C0H         PUBLIC        P4
  D:00C8H         PUBLIC        P5
  D:00E8H         PUBLIC        P6
  D:00F8H         PUBLIC        P7
  D:00A8H         PUBLIC        IE
  D:00B8H         PUBLIC        IP
BL51 BANKED LINKER/LOCATER V6.22                                                      09/19/2025  02:20:29  PAGE 55


  C:55B9H         PUBLIC        _SetIrRxd
  C:507AH         PUBLIC        _IrTxdSet
  D:0063H         PUBLIC        IrRxNmax
  D:00D8H         PUBLIC        CCON
  D:0064H         PUBLIC        IrRxd_pt
  D:0098H         PUBLIC        SCON
  D:0088H         PUBLIC        TCON
  B:00B0H.5       PUBLIC        P35
  C:4F5DH         PUBLIC        _IrPrint
  C:54E5H         PUBLIC        _IrInit
  C:55EBH         PUBLIC        GetIrRxNum
  C:48ECH         PUBLIC        sys_IrRxd_isr
  C:53CCH         PUBLIC        GetIrStatus
  D:008FH         PUBLIC        INT_CLKO
  D:00D0H         PUBLIC        PSW
  -------         PROC          _IRINIT
  D:0007H         SYMBOL        Protocol
  C:54E5H         LINE#         19
  C:54E5H         LINE#         20
  C:54E8H         LINE#         21
  C:54EBH         LINE#         22
  C:54EDH         LINE#         23
  C:54EFH         LINE#         24
  C:54F1H         LINE#         25
  C:54F4H         LINE#         26
  -------         ENDPROC       _IRINIT
  -------         PROC          SYS_IRRXD_ISR
  -------         DO            
  D:0061H         SYMBOL        a
  D:0062H         SYMBOL        BitRxCount
  -------         ENDDO         
  C:48ECH         LINE#         28
  C:48FFH         LINE#         31
  C:4902H         LINE#         32
  C:4904H         LINE#         33
  C:4907H         LINE#         34
  C:490AH         LINE#         35
  C:490DH         LINE#         36
  C:4913H         LINE#         37
  C:4915H         LINE#         39
  C:491CH         LINE#         40
  C:4922H         LINE#         41
  C:492BH         LINE#         42
  C:492EH         LINE#         43
  C:4935H         LINE#         44
  C:4938H         LINE#         45
  C:4949H         LINE#         46
  C:494BH         LINE#         47
  C:494BH         LINE#         48
  C:494DH         LINE#         49
  C:494FH         LINE#         50
  C:494FH         LINE#         51
  C:4952H         LINE#         52
  -------         ENDPROC       SYS_IRRXD_ISR
  -------         PROC          _SETIRRXD
  D:0001H         SYMBOL        RxdPt
  D:0005H         SYMBOL        RxdNmax
BL51 BANKED LINKER/LOCATER V6.22                                                      09/19/2025  02:20:29  PAGE 56


  C:55B9H         LINE#         54
  C:55B9H         LINE#         55
  C:55BFH         LINE#         56
  C:55C1H         LINE#         57
  -------         ENDPROC       _SETIRRXD
  -------         PROC          GETIRRXNUM
  C:55EBH         LINE#         59
  C:55EBH         LINE#         60
  C:55EDH         LINE#         61
  -------         ENDPROC       GETIRRXNUM
  -------         PROC          _IRTXDSET
  D:0001H         SYMBOL        pt
  D:0005H         SYMBOL        num
  C:507AH         LINE#         63
  C:507AH         LINE#         64
  C:5090H         LINE#         65
  C:5096H         LINE#         66
  C:509BH         LINE#         67
  C:509DH         LINE#         68
  C:50A0H         LINE#         69
  C:50A3H         LINE#         70
  C:50A5H         LINE#         71
  C:50A8H         LINE#         72
  C:50A8H         LINE#         73
  C:50AAH         LINE#         74
  -------         ENDPROC       _IRTXDSET
  -------         PROC          _IRPRINT
  D:0001H         SYMBOL        pt
  D:0005H         SYMBOL        num
  C:4F5DH         LINE#         76
  C:4F5DH         LINE#         77
  C:4F73H         LINE#         78
  C:4F76H         LINE#         79
  C:4F79H         LINE#         80
  C:4F7CH         LINE#         81
  C:4F7EH         LINE#         82
  C:4F81H         LINE#         83
  C:4F87H         LINE#         84
  C:4F8FH         LINE#         85
  C:4F91H         LINE#         86
  C:4F94H         LINE#         87
  C:4F96H         LINE#         88
  C:4F99H         LINE#         89
  C:4F99H         LINE#         90
  C:4F9BH         LINE#         91
  -------         ENDPROC       _IRPRINT
  -------         PROC          GETIRSTATUS
  C:53CCH         LINE#         93
  C:53CCH         LINE#         94
  C:53E5H         LINE#         95
  C:53E7H         LINE#         96
  -------         ENDPROC       GETIRSTATUS
  -------         ENDMOD        IR

  -------         MODULE        UART1
  C:0000H         SYMBOL        _ICE_DUMMY_
  C:33DEH         PUBLIC        Uart1_isr
BL51 BANKED LINKER/LOCATER V6.22                                                      09/19/2025  02:20:29  PAGE 57


  D:0080H         PUBLIC        P0
  D:0090H         PUBLIC        P1
  D:00A0H         PUBLIC        P2
  D:00B0H         PUBLIC        P3
  D:00C0H         PUBLIC        P4
  D:00C8H         PUBLIC        P5
  D:00E8H         PUBLIC        P6
  D:00F8H         PUBLIC        P7
  D:00A8H         PUBLIC        IE
  B:00A8H.4       PUBLIC        ES
  D:00B8H         PUBLIC        IP
  B:0098H.0       PUBLIC        RI
  B:0098H.1       PUBLIC        TI
  D:00D8H         PUBLIC        CCON
  C:50ABH         PUBLIC        _SetUart1Rxd
  D:0099H         PUBLIC        SBUF
  D:0098H         PUBLIC        SCON
  D:0089H         PUBLIC        TMOD
  D:0088H         PUBLIC        TCON
  D:008EH         PUBLIC        AUXR
  C:5577H         PUBLIC        GetUart1TxStatus
  B:00A8H.3       PUBLIC        ET1
  D:008DH         PUBLIC        TH1
  D:008BH         PUBLIC        TL1
  B:0088H.6       PUBLIC        TR1
  C:520CH         PUBLIC        _Uart1Print
  C:4963H         PUBLIC        _Uart1Init
  C:554FH         PUBLIC        _?sys_get_Uart1RxdEvent
  X:02D0H         PUBLIC        com1
  D:00D0H         PUBLIC        PSW
  -------         PROC          UART1_ISR
  C:33DEH         LINE#         10
  C:33FBH         LINE#         11
  C:33FEH         LINE#         12
  C:3400H         LINE#         13
  C:3434H         LINE#         14
  C:3439H         LINE#         15
  C:3439H         LINE#         16
  C:343FH         LINE#         17
  C:3441H         LINE#         18
  C:3444H         LINE#         19
  C:3446H         LINE#         20
  C:344DH         LINE#         21
  C:344DH         LINE#         22
  C:3461H         LINE#         23
  C:3475H         LINE#         24
  C:3484H         LINE#         25
  C:3492H         LINE#         26
  C:34CAH         LINE#         27
  C:34D8H         LINE#         28
  C:34D8H         LINE#         30
  C:34EDH         LINE#         31
  C:34F3H         LINE#         32
  C:34F5H         LINE#         33
  C:34F5H         LINE#         34
  C:34F5H         LINE#         35
  -------         ENDPROC       UART1_ISR
BL51 BANKED LINKER/LOCATER V6.22                                                      09/19/2025  02:20:29  PAGE 58


  -------         PROC          _?SYS_GET_UART1RXDEVENT
  -------         DO            
  i:0000H         SYMBOL        a
  -------         ENDDO         
  C:554FH         LINE#         37
  C:5551H         LINE#         39
  C:5559H         LINE#         40
  C:555BH         LINE#         41
  C:555BH         LINE#         42
  -------         ENDPROC       _?SYS_GET_UART1RXDEVENT
  -------         PROC          _UART1INIT
  D:0023H         SYMBOL        band
  C:4963H         LINE#         44
  C:496BH         LINE#         45
  C:496BH         LINE#         47
  C:496EH         LINE#         48
  C:4971H         LINE#         49
  C:4974H         LINE#         50
  C:4977H         LINE#         51
  C:4996H         LINE#         52
  C:49C5H         LINE#         53
  C:49C7H         LINE#         54
  C:49C9H         LINE#         55
  C:49CBH         LINE#         56
  C:49D9H         LINE#         57
  -------         ENDPROC       _UART1INIT
  -------         PROC          _SETUART1RXD
  D:0001H         SYMBOL        RxdPt
  D:0004H         SYMBOL        Nmax
  D:0028H         SYMBOL        matchhead
  D:002BH         SYMBOL        matchheadsize
  C:50ABH         LINE#         59
  C:50ABH         LINE#         60
  C:50B6H         LINE#         61
  C:50BCH         LINE#         62
  C:50C6H         LINE#         63
  C:50D4H         LINE#         64
  C:50D6H         LINE#         65
  C:50DBH         LINE#         66
  -------         ENDPROC       _SETUART1RXD
  -------         PROC          _UART1PRINT
  D:0001H         SYMBOL        pt
  D:0004H         SYMBOL        num
  C:520CH         LINE#         68
  C:520CH         LINE#         69
  C:5212H         LINE#         70
  C:521DH         LINE#         71
  C:5222H         LINE#         72
  C:5228H         LINE#         73
  C:522CH         LINE#         74
  C:522EH         LINE#         75
  C:5231H         LINE#         76
  C:5231H         LINE#         77
  C:5233H         LINE#         78
  -------         ENDPROC       _UART1PRINT
  -------         PROC          GETUART1TXSTATUS
  C:5577H         LINE#         80
BL51 BANKED LINKER/LOCATER V6.22                                                      09/19/2025  02:20:29  PAGE 59


  C:5577H         LINE#         81
  C:557FH         LINE#         82
  C:5581H         LINE#         83
  -------         ENDPROC       GETUART1TXSTATUS
  -------         ENDMOD        UART1

  -------         MODULE        ?C?COPY
  C:2070H         PUBLIC        ?C?COPY
  -------         ENDMOD        ?C?COPY

  -------         MODULE        ?C?CLDOPTR
  C:2096H         PUBLIC        ?C?CLDOPTR
  -------         ENDMOD        ?C?CLDOPTR

  -------         MODULE        ?C?CSTOPTR
  C:20C3H         PUBLIC        ?C?CSTOPTR
  -------         ENDMOD        ?C?CSTOPTR

  -------         MODULE        ?C?IMUL
  C:20E5H         PUBLIC        ?C?IMUL
  -------         ENDMOD        ?C?IMUL

  -------         MODULE        ?C?UIDIV
  C:20F7H         PUBLIC        ?C?UIDIV
  -------         ENDMOD        ?C?UIDIV

  -------         MODULE        ?C?IILDX
  C:214CH         PUBLIC        ?C?IILDX
  -------         ENDMOD        ?C?IILDX

  -------         MODULE        ?C?ILDIX
  C:2162H         PUBLIC        ?C?ILDIX
  -------         ENDMOD        ?C?ILDIX

  -------         MODULE        ?C?ILDPTR
  C:2178H         PUBLIC        ?C?ILDPTR
  -------         ENDMOD        ?C?ILDPTR

  -------         MODULE        ?C?LMUL
  C:21A3H         PUBLIC        ?C?LMUL
  -------         ENDMOD        ?C?LMUL

  -------         MODULE        ?C?ULDIV
  C:222EH         PUBLIC        ?C?ULDIV
  -------         ENDMOD        ?C?ULDIV

  -------         MODULE        ?C?SLDIV
  C:4E58H         PUBLIC        ?C?SLDIV
  -------         ENDMOD        ?C?SLDIV

  -------         MODULE        ?C?ULSHR
  C:22C0H         PUBLIC        ?C?ULSHR
  -------         ENDMOD        ?C?ULSHR

  -------         MODULE        ?C?SLSHR
  C:22D3H         PUBLIC        ?C?SLSHR
  -------         ENDMOD        ?C?SLSHR
BL51 BANKED LINKER/LOCATER V6.22                                                      09/19/2025  02:20:29  PAGE 60



  -------         MODULE        ?C?LLDCODE
  C:22E7H         PUBLIC        ?C?LLDCODE
  -------         ENDMOD        ?C?LLDCODE

  -------         MODULE        ?C?LSTXDATA
  C:22F7H         PUBLIC        ?C?LSTXDATA
  -------         ENDMOD        ?C?LSTXDATA

  -------         MODULE        ?C?OFFXADD
  C:2303H         PUBLIC        ?C?OFFXADD
  -------         ENDMOD        ?C?OFFXADD

  -------         MODULE        ?C?ICALL
  C:230FH         PUBLIC        ?C?ICALL
  C:2313H         PUBLIC        ?C?ICALL2
  -------         ENDMOD        ?C?ICALL

  -------         MODULE        ?C_IBP
  D:006EH         PUBLIC        ?C_IBP
  -------         ENDMOD        ?C_IBP

*** WARNING L16: UNCALLED SEGMENT, IGNORED FOR OVERLAY PROCESS
    SEGMENT: ?PR?_OLED_WRITE_GRAM?OLED

*** WARNING L16: UNCALLED SEGMENT, IGNORED FOR OVERLAY PROCESS
    SEGMENT: ?PR?OLED_REFRESH?OLED

*** WARNING L16: UNCALLED SEGMENT, IGNORED FOR OVERLAY PROCESS
    SEGMENT: ?PR?_OLED_COLORTURN?OLED

*** WARNING L16: UNCALLED SEGMENT, IGNORED FOR OVERLAY PROCESS
    SEGMENT: ?PR?_OLED_DISPLAYTURN?OLED

*** WARNING L16: UNCALLED SEGMENT, IGNORED FOR OVERLAY PROCESS
    SEGMENT: ?PR?OLED_DISPLAY_ON?OLED

*** WARNING L16: UNCALLED SEGMENT, IGNORED FOR OVERLAY PROCESS
    SEGMENT: ?PR?OLED_DISPLAY_OFF?OLED

*** WARNING L16: UNCALLED SEGMENT, IGNORED FOR OVERLAY PROCESS
    SEGMENT: ?PR?_OLED_SHOWNUM?OLED

*** WARNING L16: UNCALLED SEGMENT, IGNORED FOR OVERLAY PROCESS
    SEGMENT: ?PR?_OLED_SHOWSTRING?OLED

*** WARNING L16: UNCALLED SEGMENT, IGNORED FOR OVERLAY PROCESS
    SEGMENT: ?PR?_OLED_DRAWBMP?OLED

*** WARNING L16: UNCALLED SEGMENT, IGNORED FOR OVERLAY PROCESS
    SEGMENT: ?PR?_OLED_DRAWBMP1?OLED

*** WARNING L16: UNCALLED SEGMENT, IGNORED FOR OVERLAY PROCESS
    SEGMENT: ?PR?_SETDISPLAYERAREA?DISPLAYER

*** WARNING L16: UNCALLED SEGMENT, IGNORED FOR OVERLAY PROCESS
    SEGMENT: ?PR?_SEG7SETMODE?DISPLAYER
BL51 BANKED LINKER/LOCATER V6.22                                                      09/19/2025  02:20:29  PAGE 61



*** WARNING L16: UNCALLED SEGMENT, IGNORED FOR OVERLAY PROCESS
    SEGMENT: ?PR?_LEDSETMODE?DISPLAYER

*** WARNING L16: UNCALLED SEGMENT, IGNORED FOR OVERLAY PROCESS
    SEGMENT: ?PR?GETULTRASONIC?SYS

*** WARNING L16: UNCALLED SEGMENT, IGNORED FOR OVERLAY PROCESS
    SEGMENT: ?PR?GETSYSPERFORMANCE?SYS

*** WARNING L16: UNCALLED SEGMENT, IGNORED FOR OVERLAY PROCESS
    SEGMENT: ?PR?GETIRRXNUM?IR

*** WARNING L16: UNCALLED SEGMENT, IGNORED FOR OVERLAY PROCESS
    SEGMENT: ?PR?_IRTXDSET?IR

*** WARNING L16: UNCALLED SEGMENT, IGNORED FOR OVERLAY PROCESS
    SEGMENT: ?PR?GETIRSTATUS?IR

*** WARNING L16: UNCALLED SEGMENT, IGNORED FOR OVERLAY PROCESS
    SEGMENT: ?PR?GETUART1TXSTATUS?UART1

Program Size: data=111.7 xdata=794 code=21995
LINK/LOCATE RUN COMPLETE.  19 WARNING(S),  0 ERROR(S)
